Component: ARM Compiler 5.05 update 1 (build 106) Tool: armlink [4d0efa]

==============================================================================

Section Cross References

    startup_stm32f10x_md.o(STACK) refers (Special) to heapauxi.o(.text) for __use_two_region_memory
    startup_stm32f10x_md.o(HEAP) refers (Special) to heapauxi.o(.text) for __use_two_region_memory
    startup_stm32f10x_md.o(RESET) refers (Special) to heapauxi.o(.text) for __use_two_region_memory
    startup_stm32f10x_md.o(RESET) refers to startup_stm32f10x_md.o(STACK) for __initial_sp
    startup_stm32f10x_md.o(RESET) refers to startup_stm32f10x_md.o(.text) for Reset_Handler
    startup_stm32f10x_md.o(RESET) refers to stm32f1xx_it.o(i.NMI_Handler) for NMI_Handler
    startup_stm32f10x_md.o(RESET) refers to stm32f1xx_it.o(i.HardFault_Handler) for HardFault_Handler
    startup_stm32f10x_md.o(RESET) refers to stm32f1xx_it.o(i.MemManage_Handler) for MemManage_Handler
    startup_stm32f10x_md.o(RESET) refers to stm32f1xx_it.o(i.BusFault_Handler) for BusFault_Handler
    startup_stm32f10x_md.o(RESET) refers to stm32f1xx_it.o(i.UsageFault_Handler) for UsageFault_Handler
    startup_stm32f10x_md.o(RESET) refers to stm32f1xx_it.o(i.SVC_Handler) for SVC_Handler
    startup_stm32f10x_md.o(RESET) refers to stm32f1xx_it.o(i.DebugMon_Handler) for DebugMon_Handler
    startup_stm32f10x_md.o(RESET) refers to stm32f1xx_it.o(i.PendSV_Handler) for PendSV_Handler
    startup_stm32f10x_md.o(RESET) refers to stm32f1xx_it.o(i.SysTick_Handler) for SysTick_Handler
    startup_stm32f10x_md.o(RESET) refers to stm32f1xx_it.o(i.DMA1_Channel4_IRQHandler) for DMA1_Channel4_IRQHandler
    startup_stm32f10x_md.o(RESET) refers to stm32f1xx_it.o(i.DMA1_Channel5_IRQHandler) for DMA1_Channel5_IRQHandler
    startup_stm32f10x_md.o(RESET) refers to stm32f1xx_it.o(i.DMA1_Channel6_IRQHandler) for DMA1_Channel6_IRQHandler
    startup_stm32f10x_md.o(RESET) refers to stm32f1xx_it.o(i.DMA1_Channel7_IRQHandler) for DMA1_Channel7_IRQHandler
    startup_stm32f10x_md.o(RESET) refers to stm32f1xx_it.o(i.USART1_IRQHandler) for USART1_IRQHandler
    startup_stm32f10x_md.o(RESET) refers to stm32f1xx_it.o(i.USART2_IRQHandler) for USART2_IRQHandler
    startup_stm32f10x_md.o(.text) refers (Special) to heapauxi.o(.text) for __use_two_region_memory
    startup_stm32f10x_md.o(.text) refers to system_stm32f1xx.o(i.SystemInit) for SystemInit
    startup_stm32f10x_md.o(.text) refers to __main.o(!!!main) for __main
    startup_stm32f10x_md.o(.text) refers to startup_stm32f10x_md.o(HEAP) for Heap_Mem
    startup_stm32f10x_md.o(.text) refers to startup_stm32f10x_md.o(STACK) for Stack_Mem
    stm32f1xx_it.o(i.DMA1_Channel4_IRQHandler) refers to stm32f1xx_hal_dma.o(i.HAL_DMA_IRQHandler) for HAL_DMA_IRQHandler
    stm32f1xx_it.o(i.DMA1_Channel4_IRQHandler) refers to main.o(.bss) for hdma_usart1_tx
    stm32f1xx_it.o(i.DMA1_Channel5_IRQHandler) refers to stm32f1xx_hal_dma.o(i.HAL_DMA_IRQHandler) for HAL_DMA_IRQHandler
    stm32f1xx_it.o(i.DMA1_Channel5_IRQHandler) refers to main.o(.bss) for hdma_usart1_rx
    stm32f1xx_it.o(i.DMA1_Channel6_IRQHandler) refers to stm32f1xx_hal_dma.o(i.HAL_DMA_IRQHandler) for HAL_DMA_IRQHandler
    stm32f1xx_it.o(i.DMA1_Channel6_IRQHandler) refers to main.o(.bss) for hdma_usart2_rx
    stm32f1xx_it.o(i.DMA1_Channel7_IRQHandler) refers to stm32f1xx_hal_dma.o(i.HAL_DMA_IRQHandler) for HAL_DMA_IRQHandler
    stm32f1xx_it.o(i.DMA1_Channel7_IRQHandler) refers to main.o(.bss) for hdma_usart2_tx
    stm32f1xx_it.o(i.HAL_UART_TxCpltCallback) refers to modbus_port_uart1.o(i.ModbusPort_UART1_TxCpltCallback) for ModbusPort_UART1_TxCpltCallback
    stm32f1xx_it.o(i.HAL_UART_TxCpltCallback) refers to modbus_port_uart2.o(i.ModbusPort_UART2_TxCpltCallback) for ModbusPort_UART2_TxCpltCallback
    stm32f1xx_it.o(i.HAL_UART_TxCpltCallback) refers to main.o(.bss) for huart1
    stm32f1xx_it.o(i.SysTick_Handler) refers to stm32f1xx_hal.o(i.HAL_IncTick) for HAL_IncTick
    stm32f1xx_it.o(i.USART1_IRQHandler) refers to modbus_port_uart1.o(i.ModbusPort_UART1_IdleCallback) for ModbusPort_UART1_IdleCallback
    stm32f1xx_it.o(i.USART1_IRQHandler) refers to stm32f1xx_hal_uart.o(i.HAL_UART_IRQHandler) for HAL_UART_IRQHandler
    stm32f1xx_it.o(i.USART1_IRQHandler) refers to main.o(.bss) for huart1
    stm32f1xx_it.o(i.USART2_IRQHandler) refers to modbus_port_uart2.o(i.ModbusPort_UART2_IdleCallback) for ModbusPort_UART2_IdleCallback
    stm32f1xx_it.o(i.USART2_IRQHandler) refers to stm32f1xx_hal_uart.o(i.HAL_UART_IRQHandler) for HAL_UART_IRQHandler
    stm32f1xx_it.o(i.USART2_IRQHandler) refers to main.o(.bss) for huart2
    stm32f1xx_hal_msp.o(i.HAL_UART_MspDeInit) refers to stm32f1xx_hal_gpio.o(i.HAL_GPIO_DeInit) for HAL_GPIO_DeInit
    stm32f1xx_hal_msp.o(i.HAL_UART_MspDeInit) refers to stm32f1xx_hal_dma.o(i.HAL_DMA_DeInit) for HAL_DMA_DeInit
    stm32f1xx_hal_msp.o(i.HAL_UART_MspDeInit) refers to stm32f1xx_hal_cortex.o(i.HAL_NVIC_DisableIRQ) for HAL_NVIC_DisableIRQ
[...]
    i.ModbusPort_GetSysTick                  0x080021c8   Section        0  modbus_port_uart1.o(i.ModbusPort_GetSysTick)
    i.ModbusPort_UART1_IdleCallback          0x080021cc   Section        0  modbus_port_uart1.o(i.ModbusPort_UART1_IdleCallback)
    i.ModbusPort_UART1_Init                  0x08002220   Section        0  modbus_port_uart1.o(i.ModbusPort_UART1_Init)
    i.ModbusPort_UART1_LedIndicate           0x08002298   Section        0  modbus_port_uart1.o(i.ModbusPort_UART1_LedIndicate)
    i.ModbusPort_UART1_SendData              0x080022b2   Section        0  modbus_port_uart1.o(i.ModbusPort_UART1_SendData)
    i.ModbusPort_UART1_SetRS485Dir           0x080022c2   Section        0  modbus_port_uart1.o(i.ModbusPort_UART1_SetRS485Dir)
    i.ModbusPort_UART1_StartReceive          0x080022ec   Section        0  modbus_port_uart1.o(i.ModbusPort_UART1_StartReceive)
    i.ModbusPort_UART1_TxCpltCallback        0x0800230c   Section        0  modbus_port_uart1.o(i.ModbusPort_UART1_TxCpltCallback)
    i.ModbusPort_UART2_IdleCallback          0x0800234c   Section        0  modbus_port_uart2.o(i.ModbusPort_UART2_IdleCallback)
    i.ModbusPort_UART2_Init                  0x080023a0   Section        0  modbus_port_uart2.o(i.ModbusPort_UART2_Init)
    i.ModbusPort_UART2_LedIndicate           0x08002414   Section        0  modbus_port_uart2.o(i.ModbusPort_UART2_LedIndicate)
    i.ModbusPort_UART2_SendData              0x0800242e   Section        0  modbus_port_uart2.o(i.ModbusPort_UART2_SendData)
    i.ModbusPort_UART2_SetRS485Dir           0x0800243e   Section        0  modbus_port_uart2.o(i.ModbusPort_UART2_SetRS485Dir)
    i.ModbusPort_UART2_StartReceive          0x08002468   Section        0  modbus_port_uart2.o(i.ModbusPort_UART2_StartReceive)
    i.ModbusPort_UART2_TxCpltCallback        0x08002488   Section        0  modbus_port_uart2.o(i.ModbusPort_UART2_TxCpltCallback)
    i.ModbusRTU_Init                         0x080024c8   Section        0  modbus_rtu_core.o(i.ModbusRTU_Init)
    i.ModbusRTU_Process                      0x0800250a   Section        0  modbus_rtu_core.o(i.ModbusRTU_Process)
    i.ModbusRTU_RxCallback                   0x08002576   Section        0  modbus_rtu_core.o(i.ModbusRTU_RxCallback)
    i.ModbusRTU_SetCoils                     0x0800259e   Section        0  modbus_rtu_core.o(i.ModbusRTU_SetCoils)
    i.ModbusRTU_SetDiscreteInputs            0x080025a8   Section        0  modbus_rtu_core.o(i.ModbusRTU_SetDiscreteInputs)
    i.ModbusRTU_SetHardware                  0x080025b2   Section        0  modbus_rtu_core.o(i.ModbusRTU_SetHardware)
    i.ModbusRTU_SetHoldingRegs               0x080025c6   Section        0  modbus_rtu_core.o(i.ModbusRTU_SetHoldingRegs)
    i.ModbusRTU_SetInputRegs                 0x080025d0   Section        0  modbus_rtu_core.o(i.ModbusRTU_SetInputRegs)
    i.ModbusRTU_SetSlaveAddr                 0x080025da   Section        0  modbus_rtu_core.o(i.ModbusRTU_SetSlaveAddr)
    i.ModbusRTU_TxCallback                   0x080025e2   Section        0  modbus_rtu_core.o(i.ModbusRTU_TxCallback)
    i.NMI_Handler                            0x08002626   Section        0  stm32f1xx_it.o(i.NMI_Handler)
    i.PendSV_Handler                         0x08002628   Section        0  stm32f1xx_it.o(i.PendSV_Handler)
    i.SVC_Handler                            0x0800262a   Section        0  stm32f1xx_it.o(i.SVC_Handler)
    i.SysTick_Handler                        0x0800262c   Section        0  stm32f1xx_it.o(i.SysTick_Handler)
    i.SystemClock_Config                     0x08002630   Section        0  main.o(i.SystemClock_Config)
    i.SystemInit                             0x080026c8   Section        0  system_stm32f1xx.o(i.SystemInit)
    i.TIM_Base_SetConfig                     0x080026cc   Section        0  stm32f1xx_hal_tim.o(i.TIM_Base_SetConfig)
    i.TIM_CCxNChannelCmd                     0x08002744   Section        0  stm32f1xx_hal_tim_ex.o(i.TIM_CCxNChannelCmd)
    TIM_CCxNChannelCmd                       0x08002745   Thumb Code    26  stm32f1xx_hal_tim_ex.o(i.TIM_CCxNChannelCmd)
    i.TIM_OC1_SetConfig                      0x08002760   Section        0  stm32f1xx_hal_tim.o(i.TIM_OC1_SetConfig)
    TIM_OC1_SetConfig                        0x08002761   Thumb Code    74  stm32f1xx_hal_tim.o(i.TIM_OC1_SetConfig)
    i.TIM_OC2_SetConfig                      0x080027b0   Section        0  stm32f1xx_hal_tim.o(i.TIM_OC2_SetConfig)
    i.TIM_OC3_SetConfig                      0x08002808   Section        0  stm32f1xx_hal_tim.o(i.TIM_OC3_SetConfig)
    TIM_OC3_SetConfig                        0x08002809   Thumb Code    82  stm32f1xx_hal_tim.o(i.TIM_OC3_SetConfig)
    i.TIM_OC4_SetConfig                      0x08002860   Section        0  stm32f1xx_hal_tim.o(i.TIM_OC4_SetConfig)
    TIM_OC4_SetConfig                        0x08002861   Thumb Code    64  stm32f1xx_hal_tim.o(i.TIM_OC4_SetConfig)
    i.UART_DMAAbortOnError                   0x080028a4   Section        0  stm32f1xx_hal_uart.o(i.UART_DMAAbortOnError)
    UART_DMAAbortOnError                     0x080028a5   Thumb Code    16  stm32f1xx_hal_uart.o(i.UART_DMAAbortOnError)
    i.UART_DMAError                          0x080028b4   Section        0  stm32f1xx_hal_uart.o(i.UART_DMAError)
    UART_DMAError                            0x080028b5   Thumb Code    74  stm32f1xx_hal_uart.o(i.UART_DMAError)
    i.UART_DMAReceiveCplt                    0x080028fe   Section        0  stm32f1xx_hal_uart.o(i.UART_DMAReceiveCplt)
    UART_DMAReceiveCplt                      0x080028ff   Thumb Code   134  stm32f1xx_hal_uart.o(i.UART_DMAReceiveCplt)
    i.UART_DMARxHalfCplt                     0x08002984   Section        0  stm32f1xx_hal_uart.o(i.UART_DMARxHalfCplt)
    UART_DMARxHalfCplt                       0x08002985   Thumb Code    30  stm32f1xx_hal_uart.o(i.UART_DMARxHalfCplt)
    i.UART_DMATransmitCplt                   0x080029a2   Section        0  stm32f1xx_hal_uart.o(i.UART_DMATransmitCplt)
    UART_DMATransmitCplt                     0x080029a3   Thumb Code    66  stm32f1xx_hal_uart.o(i.UART_DMATransmitCplt)
    i.UART_DMATxHalfCplt                     0x080029e4   Section        0  stm32f1xx_hal_uart.o(i.UART_DMATxHalfCplt)
    UART_DMATxHalfCplt                       0x080029e5   Thumb Code    10  stm32f1xx_hal_uart.o(i.UART_DMATxHalfCplt)
    i.UART_EndRxTransfer                     0x080029ee   Section        0  stm32f1xx_hal_uart.o(i.UART_EndRxTransfer)
    UART_EndRxTransfer                       0x080029ef   Thumb Code    78  stm32f1xx_hal_uart.o(i.UART_EndRxTransfer)
    i.UART_EndTxTransfer                     0x08002a3c   Section        0  stm32f1xx_hal_uart.o(i.UART_EndTxTransfer)
    UART_EndTxTransfer                       0x08002a3d   Thumb Code    28  stm32f1xx_hal_uart.o(i.UART_EndTxTransfer)
    i.UART_Receive_IT                        0x08002a58   Section        0  stm32f1xx_hal_uart.o(i.UART_Receive_IT)
    UART_Receive_IT                          0x08002a59   Thumb Code   194  stm32f1xx_hal_uart.o(i.UART_Receive_IT)
    i.UART_SetConfig                         0x08002b1c   Section        0  stm32f1xx_hal_uart.o(i.UART_SetConfig)
    UART_SetConfig                           0x08002b1d   Thumb Code   178  stm32f1xx_hal_uart.o(i.UART_SetConfig)
    i.UART_Start_Receive_DMA                 0x08002bd4   Section        0  stm32f1xx_hal_uart.o(i.UART_Start_Receive_DMA)
    i.USART1_IRQHandler                      0x08002c64   Section        0  stm32f1xx_it.o(i.USART1_IRQHandler)
    i.USART2_IRQHandler                      0x08002c8c   Section        0  stm32f1xx_it.o(i.USART2_IRQHandler)
    i.UsageFault_Handler                     0x08002cb4   Section        0  stm32f1xx_it.o(i.UsageFault_Handler)
    i.__NVIC_SetPriority                     0x08002cb6   Section        0  stm32f1xx_hal_cortex.o(i.__NVIC_SetPriority)
    __NVIC_SetPriority                       0x08002cb7   Thumb Code    32  stm32f1xx_hal_cortex.o(i.__NVIC_SetPriority)
    i.beepInit                               0x08002cd8   Section        0  beep.o(i.beepInit)
    i.beepInitTimer                          0x08002d08   Section        0  beep.o(i.beepInitTimer)
    beepInitTimer                            0x08002d09   Thumb Code   196  beep.o(i.beepInitTimer)
    i.beepOff                                0x08002de0   Section        0  beep.o(i.beepOff)
    i.beepProcess                            0x08002df8   Section        0  beep.o(i.beepProcess)
    i.beepSetTime                            0x08002e2c   Section        0  beep.o(i.beepSetTime)
    i.configCalculateChecksum                0x08002e64   Section        0  config_manager.o(i.configCalculateChecksum)
    i.configGet                              0x08002e98   Section        0  config_manager.o(i.configGet)
    i.configManagerInit                      0x08002ea0   Section        0  config_manager.o(i.configManagerInit)
    i.currentToPressure                      0x08002eb8   Section        0  pressure_sensor.o(i.currentToPressure)
    currentToPressure                        0x08002eb9   Thumb Code    82  pressure_sensor.o(i.currentToPressure)
    i.determineWaterLevel                    0x08002f14   Section        0  water_level.o(i.determineWaterLevel)
    determineWaterLevel                      0x08002f15   Thumb Code    92  water_level.o(i.determineWaterLevel)
    i.errorClear                             0x08002fb0   Section        0  error_handler.o(i.errorClear)
    i.errorGetActiveMask                     0x08002fc8   Section        0  error_handler.o(i.errorGetActiveMask)
    i.errorHandlerInit                       0x08002ff4   Section        0  error_handler.o(i.errorHandlerInit)
    i.errorLogGetCount                       0x08003014   Section        0  error_handler.o(i.errorLogGetCount)
    i.errorReport                            0x08003020   Section        0  error_handler.o(i.errorReport)
    i.initAdc                                0x08003050   Section        0  pressure_sensor.o(i.initAdc)
    initAdc                                  0x08003051   Thumb Code   148  pressure_sensor.o(i.initAdc)
    i.isValidChannel                         0x08003118   Section        0  relay.o(i.isValidChannel)
    isValidChannel                           0x08003119   Thumb Code    12  relay.o(i.isValidChannel)
    i.isValidChannel                         0x08003124   Section        0  led.o(i.isValidChannel)
    isValidChannel                           0x08003125   Thumb Code    12  led.o(i.isValidChannel)
    i.kalmanInit                             0x08003130   Section        0  kalman.o(i.kalmanInit)
    i.kalmanUpdate                           0x08003146   Section        0  kalman.o(i.kalmanUpdate)
    i.ledInit                                0x080031a4   Section        0  led.o(i.ledInit)
    i.ledSetState                            0x080031fc   Section        0  led.o(i.ledSetState)
    i.main                                   0x0800322c   Section        0  main.o(i.main)
    i.modbusAddCrc                           0x080033b0   Section        0  modbus_rtu_core.o(i.modbusAddCrc)
    modbusAddCrc                             0x080033b1   Thumb Code    20  modbus_rtu_core.o(i.modbusAddCrc)
    i.modbusCrc16                            0x080033c4   Section        0  modbus_rtu_core.o(i.modbusCrc16)
    modbusCrc16                              0x080033c5   Thumb Code    38  modbus_rtu_core.o(i.modbusCrc16)
    i.modbusGetBit                           0x080033f0   Section        0  modbus_rtu_core.o(i.modbusGetBit)
    modbusGetBit                             0x080033f1   Thumb Code    16  modbus_rtu_core.o(i.modbusGetBit)
    i.modbusHandleReadCoils                  0x08003400   Section        0  modbus_rtu_core.o(i.modbusHandleReadCoils)
    modbusHandleReadCoils                    0x08003401   Thumb Code   168  modbus_rtu_core.o(i.modbusHandleReadCoils)
    i.modbusHandleReadHoldingRegs            0x080034a8   Section        0  modbus_rtu_core.o(i.modbusHandleReadHoldingRegs)
    modbusHandleReadHoldingRegs              0x080034a9   Thumb Code   116  modbus_rtu_core.o(i.modbusHandleReadHoldingRegs)
    i.modbusHandleReadInputRegs              0x0800351c   Section        0  modbus_rtu_core.o(i.modbusHandleReadInputRegs)
    modbusHandleReadInputRegs                0x0800351d   Thumb Code   116  modbus_rtu_core.o(i.modbusHandleReadInputRegs)
    i.modbusHandleWriteMultipleRegs          0x08003590   Section        0  modbus_rtu_core.o(i.modbusHandleWriteMultipleRegs)
    modbusHandleWriteMultipleRegs            0x08003591   Thumb Code   160  modbus_rtu_core.o(i.modbusHandleWriteMultipleRegs)
    i.modbusHandleWriteSingleCoil            0x08003630   Section        0  modbus_rtu_core.o(i.modbusHandleWriteSingleCoil)
    modbusHandleWriteSingleCoil              0x08003631   Thumb Code   114  modbus_rtu_core.o(i.modbusHandleWriteSingleCoil)
    i.modbusProcessFrame                     0x080036a2   Section        0  modbus_rtu_core.o(i.modbusProcessFrame)
    modbusProcessFrame                       0x080036a3   Thumb Code   308  modbus_rtu_core.o(i.modbusProcessFrame)
    i.modbusSendException                    0x080037d6   Section        0  modbus_rtu_core.o(i.modbusSendException)
    modbusSendException                      0x080037d7   Thumb Code    82  modbus_rtu_core.o(i.modbusSendException)
    i.modbusSetBit                           0x08003828   Section        0  modbus_rtu_core.o(i.modbusSetBit)
    modbusSetBit                             0x08003829   Thumb Code    28  modbus_rtu_core.o(i.modbusSetBit)
    i.pressureSensorGetData                  0x08003844   Section        0  pressure_sensor.o(i.pressureSensorGetData)
    i.pressureSensorInit                     0x08003850   Section        0  pressure_sensor.o(i.pressureSensorInit)
    i.pressureSensorProcess                  0x080038d0   Section        0  pressure_sensor.o(i.pressureSensorProcess)
    i.pressureSensorSample                   0x080038f0   Section        0  pressure_sensor.o(i.pressureSensorSample)
    i.readProbeState                         0x080039f4   Section        0  water_level.o(i.readProbeState)
    readProbeState                           0x080039f5   Thumb Code    18  water_level.o(i.readProbeState)
    i.relayInit                              0x08003a0c   Section        0  relay.o(i.relayInit)
    i.relaySetState                          0x08003a98   Section        0  relay.o(i.relaySetState)
    i.setDefaultConfig                       0x08003ac0   Section        0  config_manager.o(i.setDefaultConfig)
    setDefaultConfig                         0x08003ac1   Thumb Code    90  config_manager.o(i.setDefaultConfig)
    i.setDoByIndex                           0x08003b24   Section        0  modbus_app.o(i.setDoByIndex)
    setDoByIndex                             0x08003b25   Thumb Code    48  modbus_app.o(i.setDoByIndex)
    i.setGpioState                           0x08003b54   Section        0  relay.o(i.setGpioState)
    setGpioState                             0x08003b55   Thumb Code    18  relay.o(i.setGpioState)
    i.setGpioState                           0x08003b66   Section        0  led.o(i.setGpioState)
    setGpioState                             0x08003b67   Thumb Code    18  led.o(i.setGpioState)
    i.uart1_onCoilChanged                    0x08003b78   Section        0  modbus_app.o(i.uart1_onCoilChanged)
    uart1_onCoilChanged                      0x08003b79   Thumb Code    14  modbus_app.o(i.uart1_onCoilChanged)
    i.uart1_onRegChanged                     0x08003b86   Section        0  modbus_app.o(i.uart1_onRegChanged)
    uart1_onRegChanged                       0x08003b87   Thumb Code    42  modbus_app.o(i.uart1_onRegChanged)
    i.uart2_onCoilChanged                    0x08003bb0   Section        0  modbus_app.o(i.uart2_onCoilChanged)
    uart2_onCoilChanged                      0x08003bb1   Thumb Code    14  modbus_app.o(i.uart2_onCoilChanged)
    i.uart2_onRegChanged                     0x08003bbe   Section        0  modbus_app.o(i.uart2_onRegChanged)
    uart2_onRegChanged                       0x08003bbf   Thumb Code    42  modbus_app.o(i.uart2_onRegChanged)
    i.updateProbeDebounce                    0x08003be8   Section        0  water_level.o(i.updateProbeDebounce)
    updateProbeDebounce                      0x08003be9   Thumb Code    58  water_level.o(i.updateProbeDebounce)
    i.watchdogFeed                           0x08003c24   Section        0  watchdog.o(i.watchdogFeed)
    i.watchdogInit                           0x08003c54   Section        0  watchdog.o(i.watchdogInit)
    i.waterLevelGetLevel                     0x08003cb0   Section        0  water_level.o(i.waterLevelGetLevel)
    i.waterLevelGetProbeStates               0x08003cbc   Section        0  water_level.o(i.waterLevelGetProbeStates)
    i.waterLevelInit                         0x08003cdc   Section        0  water_level.o(i.waterLevelInit)
    i.waterLevelIsStable                     0x08003d5c   Section        0  water_level.o(i.waterLevelIsStable)
    i.waterLevelProcess                      0x08003d78   Section        0  water_level.o(i.waterLevelProcess)
    x$fpl$fadd                               0x08003dfc   Section      196  faddsub_clz.o(x$fpl$fadd)
    _fadd1                                   0x08003e0b   Thumb Code     0  faddsub_clz.o(x$fpl$fadd)
    x$fpl$fcheck1                            0x08003ec0   Section       12  fcheck1.o(x$fpl$fcheck1)
    x$fpl$fdiv                               0x08003ecc   Section      388  fdiv.o(x$fpl$fdiv)
    _fdiv1                                   0x08003ecd   Thumb Code     0  fdiv.o(x$fpl$fdiv)
    x$fpl$ffixu                              0x08004050   Section       62  ffixu.o(x$fpl$ffixu)
    x$fpl$ffltu                              0x08004090   Section       38  fflt_clz.o(x$fpl$ffltu)
    x$fpl$fmul                               0x080040b8   Section      258  fmul.o(x$fpl$fmul)
    x$fpl$fnaninf                            0x080041ba   Section      140  fnaninf.o(x$fpl$fnaninf)
    x$fpl$fretinf                            0x08004246   Section       10  fretinf.o(x$fpl$fretinf)
    x$fpl$fsub                               0x08004250   Section      234  faddsub_clz.o(x$fpl$fsub)
    _fsub1                                   0x0800425f   Thumb Code     0  faddsub_clz.o(x$fpl$fsub)
    x$fpl$retnan                             0x0800433a   Section      100  retnan.o(x$fpl$retnan)
    x$fpl$scalbnf                            0x0800439e   Section       76  scalbnf.o(x$fpl$scalbnf)
    x$fpl$trapveneer                         0x080043ea   Section       48  trapv.o(x$fpl$trapveneer)
    .constdata                               0x0800441a   Section       18  stm32f1xx_hal_rcc.o(.constdata)
    x$fpl$usenofp                            0x0800441a   Section        0  usenofp.o(x$fpl$usenofp)
    aPredivFactorTable                       0x0800441a   Data           2  stm32f1xx_hal_rcc.o(.constdata)
    aPLLMULFactorTable                       0x0800441c   Data          16  stm32f1xx_hal_rcc.o(.constdata)
    .constdata                               0x0800442c   Section       18  stm32f1xx_hal_rcc_ex.o(.constdata)
    aPredivFactorTable                       0x0800442c   Data           2  stm32f1xx_hal_rcc_ex.o(.constdata)
    aPLLMULFactorTable                       0x0800442e   Data          16  stm32f1xx_hal_rcc_ex.o(.constdata)
    .constdata                               0x0800443e   Section       16  system_stm32f1xx.o(.constdata)
    .constdata                               0x0800444e   Section        8  system_stm32f1xx.o(.constdata)
    .constdata                               0x08004456   Section      512  modbus_rtu_core.o(.constdata)
    crc16Table                               0x08004456   Data         512  modbus_rtu_core.o(.constdata)
    .constdata                               0x08004658   Section       20  modbus_port_uart1.o(.constdata)
    .constdata                               0x0800466c   Section       20  modbus_port_uart2.o(.constdata)
    .data                                    0x20000000   Section       40  relay.o(.data)
    relayConfigs                             0x20000000   Data          40  relay.o(.data)
    .data                                    0x20000028   Section       10  beep.o(.data)
    lastTickMs                               0x20000028   Data           4  beep.o(.data)
    beepData                                 0x2000002c   Data           6  beep.o(.data)
    .data                                    0x20000034   Section       32  led.o(.data)
    ledConfigs                               0x20000034   Data          32  led.o(.data)
    .data                                    0x20000054   Section        8  pressure_sensor.o(.data)
    lastSampleTick                           0x20000054   Data           4  pressure_sensor.o(.data)
    faultCount                               0x20000058   Data           4  pressure_sensor.o(.data)
    .data                                    0x2000005c   Section        8  water_level.o(.data)
    lastSampleTick                           0x2000005c   Data           4  water_level.o(.data)
    changeCallback                           0x20000060   Data           4  water_level.o(.data)
    .data                                    0x20000064   Section        1  config_manager.o(.data)
    configLoaded                             0x20000064   Data           1  config_manager.o(.data)
    .data                                    0x20000066   Section        4  error_handler.o(.data)
    logWriteIndex                            0x20000066   Data           2  error_handler.o(.data)
    logCount                                 0x20000068   Data           2  error_handler.o(.data)
    .data                                    0x2000006c   Section        4  main.o(.data)
    lastSensorUpdate                         0x2000006c   Data           4  main.o(.data)
    .data                                    0x20000070   Section       12  stm32f1xx_hal.o(.data)
    .data                                    0x2000007c   Section        4  system_stm32f1xx.o(.data)
    .data                                    0x20000080   Section       12  modbus_app.o(.data)
    counter                                  0x20000080   Data           2  modbus_app.o(.data)
    uart1_discreteInputs                     0x20000082   Data           5  modbus_app.o(.data)
    uart2_discreteInputs                     0x20000087   Data           5  modbus_app.o(.data)
    .bss                                     0x2000008c   Section       72  beep.o(.bss)
    .bss                                     0x200000d4   Section       12  watchdog.o(.bss)
    wdtStats                                 0x200000d4   Data          12  watchdog.o(.bss)
    .bss                                     0x200000e0   Section      116  pressure_sensor.o(.bss)
    pressureConfig                           0x20000110   Data          16  pressure_sensor.o(.bss)
    pressureData                             0x20000120   Data          28  pressure_sensor.o(.bss)
    kalmanFilter                             0x2000013c   Data          24  pressure_sensor.o(.bss)
    .bss                                     0x20000154   Section       48  water_level.o(.bss)
    waterLevelData                           0x20000154   Data          48  water_level.o(.bss)
    .bss                                     0x20000184   Section       48  config_manager.o(.bss)
    systemConfig                             0x20000184   Data          48  config_manager.o(.bss)
    .bss                                     0x200001b4   Section      768  error_handler.o(.bss)
    errorStats                               0x200001b4   Data         768  error_handler.o(.bss)
    .bss                                     0x200004b4   Section      416  main.o(.bss)
    .bss                                     0x20000654   Section       32  modbus_port_uart1.o(.bss)
    .bss                                     0x20000674   Section       32  modbus_port_uart2.o(.bss)
    .bss                                     0x20000694   Section     1804  modbus_app.o(.bss)
    uart1_holdingRegs                        0x20000b34   Data         200  modbus_app.o(.bss)
    uart1_inputRegs                          0x20000bfc   Data         100  modbus_app.o(.bss)
    uart1_coils                              0x20000c60   Data          10  modbus_app.o(.bss)
    uart2_holdingRegs                        0x20000c6a   Data         200  modbus_app.o(.bss)
    uart2_inputRegs                          0x20000d32   Data         100  modbus_app.o(.bss)
    uart2_coils                              0x20000d96   Data          10  modbus_app.o(.bss)
    .bss                                     0x20000da0   Section       96  libspace.o(.bss)
    HEAP                                     0x20000e00   Section      512  startup_stm32f10x_md.o(HEAP)
    Heap_Mem                                 0x20000e00   Data         512  startup_stm32f10x_md.o(HEAP)
    STACK                                    0x20001000   Section     1024  startup_stm32f10x_md.o(STACK)
    Stack_Mem                                0x20001000   Data        1024  startup_stm32f10x_md.o(STACK)
    __initial_sp                             0x20001400   Data           0  startup_stm32f10x_md.o(STACK)

    Global Symbols

    Symbol Name                              Value     Ov Type        Size  Object(Section)

    BuildAttributes$$THM_ISAv4$P$D$K$B$S$PE$A:L22UL41UL21$X:L11$S22US41US21$IEEE1$IW$USESV6$~STKCKD$USESV7$~SHL$OSPACE$ROPI$EBA8$UX$STANDARDLIB$REQ8$PRES8$EABIv2 0x00000000   Number         0  anon$$obj.o ABSOLUTE
    __ARM_use_no_argv                        0x00000000   Number         0  main.o ABSOLUTE
    __ARM_exceptions_init                     - Undefined Weak Reference
    __alloca_initialize                       - Undefined Weak Reference
    __arm_preinit_                            - Undefined Weak Reference
    __cpp_initialize__aeabi_                  - Undefined Weak Reference
    __cxa_finalize                            - Undefined Weak Reference
    __rt_locale                               - Undefined Weak Reference
    __sigvec_lookup                           - Undefined Weak Reference
    _atexit_init                              - Undefined Weak Reference
    _call_atexit_fns                          - Undefined Weak Reference
    _clock_init                               - Undefined Weak Reference
    _fp_trap_init                             - Undefined Weak Reference
    _fp_trap_shutdown                         - Undefined Weak Reference
    _get_lc_collate                           - Undefined Weak Reference
    _get_lc_ctype                             - Undefined Weak Reference
    _get_lc_monetary                          - Undefined Weak Reference
    _get_lc_numeric                           - Undefined Weak Reference
    _get_lc_time                              - Undefined Weak Reference
    _getenv_init                              - Undefined Weak Reference
    _handle_redirection                       - Undefined Weak Reference
    _init_alloc                               - Undefined Weak Reference
    _init_user_alloc                          - Undefined Weak Reference
    _initio                                   - Undefined Weak Reference
    _rand_init                                - Undefined Weak Reference
    _signal_finish                            - Undefined Weak Reference
    _signal_init                              - Undefined Weak Reference
    _terminate_alloc                          - Undefined Weak Reference
    _terminate_user_alloc                     - Undefined Weak Reference
    _terminateio                              - Undefined Weak Reference
    __Vectors_Size                           0x000000ec   Number         0  startup_stm32f10x_md.o ABSOLUTE
    __Vectors                                0x08000000   Data           4  startup_stm32f10x_md.o(RESET)
    __Vectors_End                            0x080000ec   Data           0  startup_stm32f10x_md.o(RESET)
    __main                                   0x080000ed   Thumb Code     8  __main.o(!!!main)
    __scatterload                            0x080000f5   Thumb Code     0  __scatter.o(!!!scatter)
    __scatterload_rt2                        0x080000f5   Thumb Code    44  __scatter.o(!!!scatter)
    __scatterload_rt2_thumb_only             0x080000f5   Thumb Code     0  __scatter.o(!!!scatter)
    __scatterload_null                       0x08000103   Thumb Code     0  __scatter.o(!!!scatter)
    __scatterload_copy                       0x08000129   Thumb Code    26  __scatter_copy.o(!!handler_copy)
    __scatterload_zeroinit                   0x08000145   Thumb Code    28  __scatter_zi.o(!!handler_zi)
    __rt_lib_init                            0x08000161   Thumb Code     0  libinit.o(.ARM.Collect$$libinit$$00000000)
    __rt_lib_init_alloca_1                   0x08000163   Thumb Code     0  libinit2.o(.ARM.Collect$$libinit$$0000002E)
    __rt_lib_init_argv_1                     0x08000163   Thumb Code     0  libinit2.o(.ARM.Collect$$libinit$$0000002C)
    __rt_lib_init_atexit_1                   0x08000163   Thumb Code     0  libinit2.o(.ARM.Collect$$libinit$$0000001B)
    __rt_lib_init_clock_1                    0x08000163   Thumb Code     0  libinit2.o(.ARM.Collect$$libinit$$00000021)
    __rt_lib_init_cpp_1                      0x08000163   Thumb Code     0  libinit2.o(.ARM.Collect$$libinit$$00000032)
    __rt_lib_init_exceptions_1               0x08000163   Thumb Code     0  libinit2.o(.ARM.Collect$$libinit$$00000030)
    __rt_lib_init_fp_1                       0x08000163   Thumb Code     0  libinit2.o(.ARM.Collect$$libinit$$00000002)
    __rt_lib_init_fp_trap_1                  0x08000163   Thumb Code     0  libinit2.o(.ARM.Collect$$libinit$$0000001F)
    __rt_lib_init_getenv_1                   0x08000163   Thumb Code     0  libinit2.o(.ARM.Collect$$libinit$$00000023)
    __rt_lib_init_heap_1                     0x08000163   Thumb Code     0  libinit2.o(.ARM.Collect$$libinit$$0000000A)
    __rt_lib_init_lc_collate_1               0x08000163   Thumb Code     0  libinit2.o(.ARM.Collect$$libinit$$00000011)
    __rt_lib_init_lc_ctype_1                 0x08000163   Thumb Code     0  libinit2.o(.ARM.Collect$$libinit$$00000013)
    __rt_lib_init_lc_monetary_1              0x08000163   Thumb Code     0  libinit2.o(.ARM.Collect$$libinit$$00000015)
    __rt_lib_init_lc_numeric_1               0x08000163   Thumb Code     0  libinit2.o(.ARM.Collect$$libinit$$00000017)
    __rt_lib_init_lc_time_1                  0x08000163   Thumb Code     0  libinit2.o(.ARM.Collect$$libinit$$00000019)
    __rt_lib_init_preinit_1                  0x08000163   Thumb Code     0  libinit2.o(.ARM.Collect$$libinit$$00000004)
    __rt_lib_init_rand_1                     0x08000163   Thumb Code     0  libinit2.o(.ARM.Collect$$libinit$$0000000E)
    __rt_lib_init_return                     0x08000163   Thumb Code     0  libinit2.o(.ARM.Collect$$libinit$$00000033)
    __rt_lib_init_signal_1                   0x08000163   Thumb Code     0  libinit2.o(.ARM.Collect$$libinit$$0000001D)
    __rt_lib_init_stdio_1                    0x08000163   Thumb Code     0  libinit2.o(.ARM.Collect$$libinit$$00000025)
    __rt_lib_init_user_alloc_1               0x08000163   Thumb Code     0  libinit2.o(.ARM.Collect$$libinit$$0000000C)
    __rt_lib_shutdown                        0x08000165   Thumb Code     0  libshutdown.o(.ARM.Collect$$libshutdown$$00000000)
    __rt_lib_shutdown_fp_trap_1              0x08000167   Thumb Code     0  libshutdown2.o(.ARM.Collect$$libshutdown$$00000006)
    __rt_lib_shutdown_heap_1                 0x08000167   Thumb Code     0  libshutdown2.o(.ARM.Collect$$libshutdown$$0000000E)
    __rt_lib_shutdown_return                 0x08000167   Thumb Code     0  libshutdown2.o(.ARM.Collect$$libshutdown$$0000000F)
    __rt_lib_shutdown_signal_1               0x08000167   Thumb Code     0  libshutdown2.o(.ARM.Collect$$libshutdown$$00000009)
    __rt_lib_shutdown_stdio_1                0x08000167   Thumb Code     0  libshutdown2.o(.ARM.Collect$$libshutdown$$00000003)
    __rt_lib_shutdown_user_alloc_1           0x08000167   Thumb Code     0  libshutdown2.o(.ARM.Collect$$libshutdown$$0000000B)
    __rt_entry                               0x08000169   Thumb Code     0  __rtentry.o(.ARM.Collect$$rtentry$$00000000)
    __rt_entry_presh_1                       0x08000169   Thumb Code     0  __rtentry2.o(.ARM.Collect$$rtentry$$00000002)
    __rt_entry_sh                            0x08000169   Thumb Code     0  __rtentry4.o(.ARM.Collect$$rtentry$$00000004)
    __rt_entry_li                            0x0800016f   Thumb Code     0  __rtentry2.o(.ARM.Collect$$rtentry$$0000000A)
    __rt_entry_postsh_1                      0x0800016f   Thumb Code     0  __rtentry2.o(.ARM.Collect$$rtentry$$00000009)
    __rt_entry_main                          0x08000173   Thumb Code     0  __rtentry2.o(.ARM.Collect$$rtentry$$0000000D)
    __rt_entry_postli_1                      0x08000173   Thumb Code     0  __rtentry2.o(.ARM.Collect$$rtentry$$0000000C)
    __rt_exit                                0x0800017b   Thumb Code     0  rtexit.o(.ARM.Collect$$rtexit$$00000000)
    __rt_exit_ls                             0x0800017d   Thumb Code     0  rtexit2.o(.ARM.Collect$$rtexit$$00000003)
    __rt_exit_prels_1                        0x0800017d   Thumb Code     0  rtexit2.o(.ARM.Collect$$rtexit$$00000002)
    __rt_exit_exit                           0x08000181   Thumb Code     0  rtexit2.o(.ARM.Collect$$rtexit$$00000004)
    Reset_Handler                            0x08000189   Thumb Code     8  startup_stm32f10x_md.o(.text)
    ADC1_2_IRQHandler                        0x080001a3   Thumb Code     0  startup_stm32f10x_md.o(.text)
    CAN1_RX1_IRQHandler                      0x080001a3   Thumb Code     0  startup_stm32f10x_md.o(.text)
    CAN1_SCE_IRQHandler                      0x080001a3   Thumb Code     0  startup_stm32f10x_md.o(.text)
    DMA1_Channel1_IRQHandler                 0x080001a3   Thumb Code     0  startup_stm32f10x_md.o(.text)
    DMA1_Channel2_IRQHandler                 0x080001a3   Thumb Code     0  startup_stm32f10x_md.o(.text)
    DMA1_Channel3_IRQHandler                 0x080001a3   Thumb Code     0  startup_stm32f10x_md.o(.text)
    EXTI0_IRQHandler                         0x080001a3   Thumb Code     0  startup_stm32f10x_md.o(.text)
    EXTI15_10_IRQHandler                     0x080001a3   Thumb Code     0  startup_stm32f10x_md.o(.text)
    EXTI1_IRQHandler                         0x080001a3   Thumb Code     0  startup_stm32f10x_md.o(.text)
    EXTI2_IRQHandler                         0x080001a3   Thumb Code     0  startup_stm32f10x_md.o(.text)
    EXTI3_IRQHandler                         0x080001a3   Thumb Code     0  startup_stm32f10x_md.o(.text)
    EXTI4_IRQHandler                         0x080001a3   Thumb Code     0  startup_stm32f10x_md.o(.text)
    EXTI9_5_IRQHandler                       0x080001a3   Thumb Code     0  startup_stm32f10x_md.o(.text)
    FLASH_IRQHandler                         0x080001a3   Thumb Code     0  startup_stm32f10x_md.o(.text)
    I2C1_ER_IRQHandler                       0x080001a3   Thumb Code     0  startup_stm32f10x_md.o(.text)
    I2C1_EV_IRQHandler                       0x080001a3   Thumb Code     0  startup_stm32f10x_md.o(.text)
    I2C2_ER_IRQHandler                       0x080001a3   Thumb Code     0  startup_stm32f10x_md.o(.text)
    I2C2_EV_IRQHandler                       0x080001a3   Thumb Code     0  startup_stm32f10x_md.o(.text)
    PVD_IRQHandler                           0x080001a3   Thumb Code     0  startup_stm32f10x_md.o(.text)
    RCC_IRQHandler                           0x080001a3   Thumb Code     0  startup_stm32f10x_md.o(.text)
    RTCAlarm_IRQHandler                      0x080001a3   Thumb Code     0  startup_stm32f10x_md.o(.text)
    RTC_IRQHandler                           0x080001a3   Thumb Code     0  startup_stm32f10x_md.o(.text)
    SPI1_IRQHandler                          0x080001a3   Thumb Code     0  startup_stm32f10x_md.o(.text)
    SPI2_IRQHandler                          0x080001a3   Thumb Code     0  startup_stm32f10x_md.o(.text)
    TAMPER_IRQHandler                        0x080001a3   Thumb Code     0  startup_stm32f10x_md.o(.text)
    TIM1_BRK_IRQHandler                      0x080001a3   Thumb Code     0  startup_stm32f10x_md.o(.text)
    TIM1_CC_IRQHandler                       0x080001a3   Thumb Code     0  startup_stm32f10x_md.o(.text)
    TIM1_TRG_COM_IRQHandler                  0x080001a3   Thumb Code     0  startup_stm32f10x_md.o(.text)
    TIM1_UP_IRQHandler                       0x080001a3   Thumb Code     0  startup_stm32f10x_md.o(.text)
    TIM2_IRQHandler                          0x080001a3   Thumb Code     0  startup_stm32f10x_md.o(.text)
    TIM3_IRQHandler                          0x080001a3   Thumb Code     0  startup_stm32f10x_md.o(.text)
    TIM4_IRQHandler                          0x080001a3   Thumb Code     0  startup_stm32f10x_md.o(.text)
    USART3_IRQHandler                        0x080001a3   Thumb Code     0  startup_stm32f10x_md.o(.text)
    USBWakeUp_IRQHandler                     0x080001a3   Thumb Code     0  startup_stm32f10x_md.o(.text)
    USB_HP_CAN1_TX_IRQHandler                0x080001a3   Thumb Code     0  startup_stm32f10x_md.o(.text)
    USB_LP_CAN1_RX0_IRQHandler               0x080001a3   Thumb Code     0  startup_stm32f10x_md.o(.text)
    WWDG_IRQHandler                          0x080001a3   Thumb Code     0  startup_stm32f10x_md.o(.text)
    __user_initial_stackheap                 0x080001a5   Thumb Code     0  startup_stm32f10x_md.o(.text)
    __aeabi_memcpy4                          0x080001c9   Thumb Code     0  rt_memcpy_w.o(.text)
    __aeabi_memcpy8                          0x080001c9   Thumb Code     0  rt_memcpy_w.o(.text)
    __rt_memcpy_w                            0x080001c9   Thumb Code   100  rt_memcpy_w.o(.text)
    _memcpy_lastbytes_aligned                0x08000211   Thumb Code     0  rt_memcpy_w.o(.text)
    __aeabi_memclr4                          0x0800022d   Thumb Code     0  rt_memclr_w.o(.text)
    __aeabi_memclr8                          0x0800022d   Thumb Code     0  rt_memclr_w.o(.text)
    __rt_memclr_w                            0x0800022d   Thumb Code    78  rt_memclr_w.o(.text)
    _memset_w                                0x08000231   Thumb Code     0  rt_memclr_w.o(.text)
    __use_two_region_memory                  0x0800027b   Thumb Code     2  heapauxi.o(.text)
    __rt_heap_escrow$2region                 0x0800027d   Thumb Code     2  heapauxi.o(.text)
    __rt_heap_expand$2region                 0x0800027f   Thumb Code     2  heapauxi.o(.text)
    __user_setup_stackheap                   0x08000281   Thumb Code    74  sys_stackheap_outer.o(.text)
    exit                                     0x080002cb   Thumb Code    12  exit.o(.text)
    __user_libspace                          0x080002d9   Thumb Code     8  libspace.o(.text)
    __user_perproc_libspace                  0x080002d9   Thumb Code     0  libspace.o(.text)
    __user_perthread_libspace                0x080002d9   Thumb Code     0  libspace.o(.text)
    _sys_exit                                0x080002e1   Thumb Code     8  sys_exit.o(.text)
    __I$use$semihosting                      0x080002ed   Thumb Code     0  use_no_semi.o(.text)
    __use_no_semihosting_swi                 0x080002ed   Thumb Code     2  use_no_semi.o(.text)
    __semihosting_library_function           0x080002ef   Thumb Code     0  indicate_semi.o(.text)
    ADC_ConversionStop_Disable               0x080002f1   Thumb Code    86  stm32f1xx_hal_adc.o(i.ADC_ConversionStop_Disable)
    ADC_Enable                               0x08000349   Thumb Code   114  stm32f1xx_hal_adc.o(i.ADC_Enable)
    BusFault_Handler                         0x080003c5   Thumb Code     2  stm32f1xx_it.o(i.BusFault_Handler)
    DMA1_Channel4_IRQHandler                 0x080003c9   Thumb Code     6  stm32f1xx_it.o(i.DMA1_Channel4_IRQHandler)
    DMA1_Channel5_IRQHandler                 0x080003d5   Thumb Code     6  stm32f1xx_it.o(i.DMA1_Channel5_IRQHandler)
    DMA1_Channel6_IRQHandler                 0x080003e1   Thumb Code     6  stm32f1xx_it.o(i.DMA1_Channel6_IRQHandler)
    DMA1_Channel7_IRQHandler                 0x080003ed   Thumb Code     6  stm32f1xx_it.o(i.DMA1_Channel7_IRQHandler)
    DebugMon_Handler                         0x08000423   Thumb Code     2  stm32f1xx_it.o(i.DebugMon_Handler)
    Error_Handler                            0x08000425   Thumb Code     4  main.o(i.Error_Handler)
    HAL_ADCEx_Calibration_Start              0x08000429   Thumb Code   210  stm32f1xx_hal_adc_ex.o(i.HAL_ADCEx_Calibration_Start)
    HAL_ADC_ConfigChannel                    0x08000501   Thumb Code   240  stm32f1xx_hal_adc.o(i.HAL_ADC_ConfigChannel)
    HAL_ADC_GetValue                         0x080005fd   Thumb Code     6  stm32f1xx_hal_adc.o(i.HAL_ADC_GetValue)
    HAL_ADC_Init                             0x08000605   Thumb Code   272  stm32f1xx_hal_adc.o(i.HAL_ADC_Init)
    HAL_ADC_MspInit                          0x08000721   Thumb Code     2  stm32f1xx_hal_adc.o(i.HAL_ADC_MspInit)
    HAL_ADC_PollForConversion                0x08000725   Thumb Code   304  stm32f1xx_hal_adc.o(i.HAL_ADC_PollForConversion)
    HAL_ADC_Start                            0x08000861   Thumb Code   184  stm32f1xx_hal_adc.o(i.HAL_ADC_Start)
    HAL_ADC_Stop                             0x08000921   Thumb Code    52  stm32f1xx_hal_adc.o(i.HAL_ADC_Stop)
    HAL_DMA_Abort                            0x08000955   Thumb Code    70  stm32f1xx_hal_dma.o(i.HAL_DMA_Abort)
    HAL_DMA_Abort_IT                         0x0800099d   Thumb Code   148  stm32f1xx_hal_dma.o(i.HAL_DMA_Abort_IT)
    HAL_DMA_IRQHandler                       0x08000a35   Thumb Code   316  stm32f1xx_hal_dma.o(i.HAL_DMA_IRQHandler)
    HAL_DMA_Init                             0x08000b89   Thumb Code    84  stm32f1xx_hal_dma.o(i.HAL_DMA_Init)
    HAL_DMA_Start_IT                         0x08000be5   Thumb Code   112  stm32f1xx_hal_dma.o(i.HAL_DMA_Start_IT)
    HAL_Delay                                0x08000c55   Thumb Code    32  stm32f1xx_hal.o(i.HAL_Delay)
    HAL_GPIO_Init                            0x08000c79   Thumb Code   446  stm32f1xx_hal_gpio.o(i.HAL_GPIO_Init)
    HAL_GPIO_ReadPin                         0x08000e59   Thumb Code    10  stm32f1xx_hal_gpio.o(i.HAL_GPIO_ReadPin)
    HAL_GPIO_TogglePin                       0x08000e63   Thumb Code    16  stm32f1xx_hal_gpio.o(i.HAL_GPIO_TogglePin)
    HAL_GPIO_WritePin                        0x08000e73   Thumb Code    10  stm32f1xx_hal_gpio.o(i.HAL_GPIO_WritePin)
    HAL_GetTick                              0x08000e7d   Thumb Code     6  stm32f1xx_hal.o(i.HAL_GetTick)
    HAL_IncTick                              0x08000e89   Thumb Code    12  stm32f1xx_hal.o(i.HAL_IncTick)
    HAL_Init                                 0x08000e99   Thumb Code    32  stm32f1xx_hal.o(i.HAL_Init)
    HAL_InitTick                             0x08000ebd   Thumb Code    54  stm32f1xx_hal.o(i.HAL_InitTick)
    HAL_MspInit                              0x08000efd   Thumb Code    52  stm32f1xx_hal_msp.o(i.HAL_MspInit)
    HAL_NVIC_EnableIRQ                       0x08000f39   Thumb Code    26  stm32f1xx_hal_cortex.o(i.HAL_NVIC_EnableIRQ)
    HAL_NVIC_SetPriority                     0x08000f55   Thumb Code    60  stm32f1xx_hal_cortex.o(i.HAL_NVIC_SetPriority)
    HAL_NVIC_SetPriorityGrouping             0x08000f95   Thumb Code    26  stm32f1xx_hal_cortex.o(i.HAL_NVIC_SetPriorityGrouping)
    HAL_RCCEx_GetPeriphCLKFreq               0x08000fb9   Thumb Code   148  stm32f1xx_hal_rcc_ex.o(i.HAL_RCCEx_GetPeriphCLKFreq)
    HAL_RCC_ClockConfig                      0x0800105d   Thumb Code   280  stm32f1xx_hal_rcc.o(i.HAL_RCC_ClockConfig)
    HAL_RCC_GetPCLK1Freq                     0x08001189   Thumb Code    20  stm32f1xx_hal_rcc.o(i.HAL_RCC_GetPCLK1Freq)
    HAL_RCC_GetPCLK2Freq                     0x080011a9   Thumb Code    20  stm32f1xx_hal_rcc.o(i.HAL_RCC_GetPCLK2Freq)
    HAL_RCC_GetSysClockFreq                  0x080011c9   Thumb Code    58  stm32f1xx_hal_rcc.o(i.HAL_RCC_GetSysClockFreq)
    HAL_RCC_OscConfig                        0x08001215   Thumb Code   778  stm32f1xx_hal_rcc.o(i.HAL_RCC_OscConfig)
    HAL_SYSTICK_Config                       0x08001535   Thumb Code    40  stm32f1xx_hal_cortex.o(i.HAL_SYSTICK_Config)
    HAL_TIMEx_ConfigBreakDeadTime            0x0800155d   Thumb Code    84  stm32f1xx_hal_tim_ex.o(i.HAL_TIMEx_ConfigBreakDeadTime)
    HAL_TIMEx_PWMN_Start                     0x080015b1   Thumb Code   140  stm32f1xx_hal_tim_ex.o(i.HAL_TIMEx_PWMN_Start)
    HAL_TIMEx_PWMN_Stop                      0x08001649   Thumb Code   104  stm32f1xx_hal_tim_ex.o(i.HAL_TIMEx_PWMN_Stop)
    HAL_TIM_PWM_ConfigChannel                0x080016b1   Thumb Code   204  stm32f1xx_hal_tim.o(i.HAL_TIM_PWM_ConfigChannel)
    HAL_TIM_PWM_Init                         0x0800177d   Thumb Code    90  stm32f1xx_hal_tim.o(i.HAL_TIM_PWM_Init)
    HAL_TIM_PWM_MspInit                      0x080017d7   Thumb Code     2  stm32f1xx_hal_tim.o(i.HAL_TIM_PWM_MspInit)
    HAL_UARTEx_RxEventCallback               0x080017d9   Thumb Code     2  stm32f1xx_hal_uart.o(i.HAL_UARTEx_RxEventCallback)
    HAL_UART_DMAStop                         0x080017db   Thumb Code   112  stm32f1xx_hal_uart.o(i.HAL_UART_DMAStop)
    HAL_UART_ErrorCallback                   0x0800184b   Thumb Code    14  stm32f1xx_it.o(i.HAL_UART_ErrorCallback)
    HAL_UART_IRQHandler                      0x08001859   Thumb Code   616  stm32f1xx_hal_uart.o(i.HAL_UART_IRQHandler)
    HAL_UART_Init                            0x08001ac5   Thumb Code   100  stm32f1xx_hal_uart.o(i.HAL_UART_Init)
    HAL_UART_MspInit                         0x08001b29   Thumb Code   194  stm32f1xx_hal_msp.o(i.HAL_UART_MspInit)
    HAL_UART_Receive_DMA                     0x08001c05   Thumb Code    28  stm32f1xx_hal_uart.o(i.HAL_UART_Receive_DMA)
    HAL_UART_RxCpltCallback                  0x08001c21   Thumb Code     2  stm32f1xx_hal_uart.o(i.HAL_UART_RxCpltCallback)
    HAL_UART_RxHalfCpltCallback              0x08001c23   Thumb Code     2  stm32f1xx_hal_uart.o(i.HAL_UART_RxHalfCpltCallback)
    HAL_UART_Transmit_DMA                    0x08001c25   Thumb Code   106  stm32f1xx_hal_uart.o(i.HAL_UART_Transmit_DMA)
    HAL_UART_TxCpltCallback                  0x08001c9d   Thumb Code    22  stm32f1xx_it.o(i.HAL_UART_TxCpltCallback)
    HAL_UART_TxHalfCpltCallback              0x08001cbd   Thumb Code     2  stm32f1xx_hal_uart.o(i.HAL_UART_TxHalfCpltCallback)
    HardFault_Handler                        0x08001cbf   Thumb Code     2  stm32f1xx_it.o(i.HardFault_Handler)
    MemManage_Handler                        0x08001f29   Thumb Code     2  stm32f1xx_it.o(i.MemManage_Handler)
    ModbusApp_Init                           0x08001f2d   Thumb Code   290  modbus_app.o(i.ModbusApp_Init)
    ModbusApp_Process                        0x08002079   Thumb Code    18  modbus_app.o(i.ModbusApp_Process)
    ModbusApp_UpdateSensorData               0x08002095   Thumb Code   282  modbus_app.o(i.ModbusApp_UpdateSensorData)
    ModbusPort_GetSysTick                    0x080021c9   Thumb Code     4  modbus_port_uart1.o(i.ModbusPort_GetSysTick)
    ModbusPort_UART1_IdleCallback            0x080021cd   Thumb Code    70  modbus_port_uart1.o(i.ModbusPort_UART1_IdleCallback)
    ModbusPort_UART1_Init                    0x08002221   Thumb Code    92  modbus_port_uart1.o(i.ModbusPort_UART1_Init)
    ModbusPort_UART1_LedIndicate             0x08002299   Thumb Code    26  modbus_port_uart1.o(i.ModbusPort_UART1_LedIndicate)
    ModbusPort_UART1_SendData                0x080022b3   Thumb Code    16  modbus_port_uart1.o(i.ModbusPort_UART1_SendData)
    ModbusPort_UART1_SetRS485Dir             0x080022c3   Thumb Code    42  modbus_port_uart1.o(i.ModbusPort_UART1_SetRS485Dir)
    ModbusPort_UART1_StartReceive            0x080022ed   Thumb Code    22  modbus_port_uart1.o(i.ModbusPort_UART1_StartReceive)
    ModbusPort_UART1_TxCpltCallback          0x0800230d   Thumb Code    56  modbus_port_uart1.o(i.ModbusPort_UART1_TxCpltCallback)
    ModbusPort_UART2_IdleCallback            0x0800234d   Thumb Code    70  modbus_port_uart2.o(i.ModbusPort_UART2_IdleCallback)
    ModbusPort_UART2_Init                    0x080023a1   Thumb Code    90  modbus_port_uart2.o(i.ModbusPort_UART2_Init)
    ModbusPort_UART2_LedIndicate             0x08002415   Thumb Code    26  modbus_port_uart2.o(i.ModbusPort_UART2_LedIndicate)
    ModbusPort_UART2_SendData                0x0800242f   Thumb Code    16  modbus_port_uart2.o(i.ModbusPort_UART2_SendData)
    ModbusPort_UART2_SetRS485Dir             0x0800243f   Thumb Code    42  modbus_port_uart2.o(i.ModbusPort_UART2_SetRS485Dir)
    ModbusPort_UART2_StartReceive            0x08002469   Thumb Code    22  modbus_port_uart2.o(i.ModbusPort_UART2_StartReceive)
    ModbusPort_UART2_TxCpltCallback          0x08002489   Thumb Code    56  modbus_port_uart2.o(i.ModbusPort_UART2_TxCpltCallback)
    ModbusRTU_Init                           0x080024c9   Thumb Code    66  modbus_rtu_core.o(i.ModbusRTU_Init)
    ModbusRTU_Process                        0x0800250b   Thumb Code   108  modbus_rtu_core.o(i.ModbusRTU_Process)
    ModbusRTU_RxCallback                     0x08002577   Thumb Code    40  modbus_rtu_core.o(i.ModbusRTU_RxCallback)
    ModbusRTU_SetCoils                       0x0800259f   Thumb Code    10  modbus_rtu_core.o(i.ModbusRTU_SetCoils)
    ModbusRTU_SetDiscreteInputs              0x080025a9   Thumb Code    10  modbus_rtu_core.o(i.ModbusRTU_SetDiscreteInputs)
    ModbusRTU_SetHardware                    0x080025b3   Thumb Code    20  modbus_rtu_core.o(i.ModbusRTU_SetHardware)
    ModbusRTU_SetHoldingRegs                 0x080025c7   Thumb Code    10  modbus_rtu_core.o(i.ModbusRTU_SetHoldingRegs)
    ModbusRTU_SetInputRegs                   0x080025d1   Thumb Code    10  modbus_rtu_core.o(i.ModbusRTU_SetInputRegs)
    ModbusRTU_SetSlaveAddr                   0x080025db   Thumb Code     8  modbus_rtu_core.o(i.ModbusRTU_SetSlaveAddr)
    ModbusRTU_TxCallback                     0x080025e3   Thumb Code    68  modbus_rtu_core.o(i.ModbusRTU_TxCallback)
    NMI_Handler                              0x08002627   Thumb Code     2  stm32f1xx_it.o(i.NMI_Handler)
    PendSV_Handler                           0x08002629   Thumb Code     2  stm32f1xx_it.o(i.PendSV_Handler)
    SVC_Handler                              0x0800262b   Thumb Code     2  stm32f1xx_it.o(i.SVC_Handler)
    SysTick_Handler                          0x0800262d   Thumb Code     4  stm32f1xx_it.o(i.SysTick_Handler)
    SystemClock_Config                       0x08002631   Thumb Code   142  main.o(i.SystemClock_Config)
    SystemInit                               0x080026c9   Thumb Code     2  system_stm32f1xx.o(i.SystemInit)
    TIM_Base_SetConfig                       0x080026cd   Thumb Code   108  stm32f1xx_hal_tim.o(i.TIM_Base_SetConfig)
    TIM_OC2_SetConfig                        0x080027b1   Thumb Code    84  stm32f1xx_hal_tim.o(i.TIM_OC2_SetConfig)
    UART_Start_Receive_DMA                   0x08002bd5   Thumb Code   130  stm32f1xx_hal_uart.o(i.UART_Start_Receive_DMA)
    USART1_IRQHandler                        0x08002c65   Thumb Code    34  stm32f1xx_it.o(i.USART1_IRQHandler)
    USART2_IRQHandler                        0x08002c8d   Thumb Code    34  stm32f1xx_it.o(i.USART2_IRQHandler)
    UsageFault_Handler                       0x08002cb5   Thumb Code     2  stm32f1xx_it.o(i.UsageFault_Handler)
    beepInit                                 0x08002cd9   Thumb Code    38  beep.o(i.beepInit)
    beepOff                                  0x08002de1   Thumb Code    16  beep.o(i.beepOff)
    beepProcess                              0x08002df9   Thumb Code    46  beep.o(i.beepProcess)
    beepSetTime                              0x08002e2d   Thumb Code    46  beep.o(i.beepSetTime)
    configCalculateChecksum                  0x08002e65   Thumb Code    48  config_manager.o(i.configCalculateChecksum)
    configGet                                0x08002e99   Thumb Code     4  config_manager.o(i.configGet)
    configManagerInit                        0x08002ea1   Thumb Code    16  config_manager.o(i.configManagerInit)
    errorClear                               0x08002fb1   Thumb Code    20  error_handler.o(i.errorClear)
    errorGetActiveMask                       0x08002fc9   Thumb Code    40  error_handler.o(i.errorGetActiveMask)
    errorHandlerInit                         0x08002ff5   Thumb Code    24  error_handler.o(i.errorHandlerInit)
    errorLogGetCount                         0x08003015   Thumb Code     6  error_handler.o(i.errorLogGetCount)
    errorReport                              0x08003021   Thumb Code    44  error_handler.o(i.errorReport)
    kalmanInit                               0x08003131   Thumb Code    22  kalman.o(i.kalmanInit)
    kalmanUpdate                             0x08003147   Thumb Code    94  kalman.o(i.kalmanUpdate)
    ledInit                                  0x080031a5   Thumb Code    80  led.o(i.ledInit)
    ledSetState                              0x080031fd   Thumb Code    42  led.o(i.ledSetState)
    main                                     0x0800322d   Thumb Code   370  main.o(i.main)
    pressureSensorGetData                    0x08003845   Thumb Code     8  pressure_sensor.o(i.pressureSensorGetData)
    pressureSensorInit                       0x08003851   Thumb Code    92  pressure_sensor.o(i.pressureSensorInit)
    pressureSensorProcess                    0x080038d1   Thumb Code    28  pressure_sensor.o(i.pressureSensorProcess)
    pressureSensorSample                     0x080038f1   Thumb Code   196  pressure_sensor.o(i.pressureSensorSample)
    relayInit                                0x08003a0d   Thumb Code   128  relay.o(i.relayInit)
    relaySetState                            0x08003a99   Thumb Code    36  relay.o(i.relaySetState)
    watchdogFeed                             0x08003c25   Thumb Code    40  watchdog.o(i.watchdogFeed)
    watchdogInit                             0x08003c55   Thumb Code    78  watchdog.o(i.watchdogInit)
    waterLevelGetLevel                       0x08003cb1   Thumb Code     8  water_level.o(i.waterLevelGetLevel)
    waterLevelGetProbeStates                 0x08003cbd   Thumb Code    26  water_level.o(i.waterLevelGetProbeStates)
    waterLevelInit                           0x08003cdd   Thumb Code   112  water_level.o(i.waterLevelInit)
    waterLevelIsStable                       0x08003d5d   Thumb Code    24  water_level.o(i.waterLevelIsStable)
    waterLevelProcess                        0x08003d79   Thumb Code   122  water_level.o(i.waterLevelProcess)
    __aeabi_fadd                             0x08003dfd   Thumb Code     0  faddsub_clz.o(x$fpl$fadd)
    _fadd                                    0x08003dfd   Thumb Code   196  faddsub_clz.o(x$fpl$fadd)
    __fpl_fcheck_NaN1                        0x08003ec1   Thumb Code     6  fcheck1.o(x$fpl$fcheck1)
    __aeabi_fdiv                             0x08003ecd   Thumb Code     0  fdiv.o(x$fpl$fdiv)
    _fdiv                                    0x08003ecd   Thumb Code   384  fdiv.o(x$fpl$fdiv)
    __aeabi_f2uiz                            0x08004051   Thumb Code     0  ffixu.o(x$fpl$ffixu)
    _ffixu                                   0x08004051   Thumb Code    62  ffixu.o(x$fpl$ffixu)
    __aeabi_ui2f                             0x08004091   Thumb Code     0  fflt_clz.o(x$fpl$ffltu)
    _ffltu                                   0x08004091   Thumb Code    38  fflt_clz.o(x$fpl$ffltu)
    __aeabi_fmul                             0x080040b9   Thumb Code     0  fmul.o(x$fpl$fmul)
    _fmul                                    0x080040b9   Thumb Code   258  fmul.o(x$fpl$fmul)
    __fpl_fnaninf                            0x080041bb   Thumb Code   140  fnaninf.o(x$fpl$fnaninf)
    __fpl_fretinf                            0x08004247   Thumb Code    10  fretinf.o(x$fpl$fretinf)
    __aeabi_fsub                             0x08004251   Thumb Code     0  faddsub_clz.o(x$fpl$fsub)
    _fsub                                    0x08004251   Thumb Code   234  faddsub_clz.o(x$fpl$fsub)
    __fpl_return_NaN                         0x0800433b   Thumb Code   100  retnan.o(x$fpl$retnan)
    __ARM_scalbnf                            0x0800439f   Thumb Code    76  scalbnf.o(x$fpl$scalbnf)
    __fpl_cmpreturn                          0x080043eb   Thumb Code    48  trapv.o(x$fpl$trapveneer)
    __I$use$fp                               0x0800441a   Number         0  usenofp.o(x$fpl$usenofp)
    AHBPrescTable                            0x0800443e   Data          16  system_stm32f1xx.o(.constdata)
    APBPrescTable                            0x0800444e   Data           8  system_stm32f1xx.o(.constdata)
    Region$$Table$$Base                      0x08004680   Number         0  anon$$obj.o(Region$$Table)
    Region$$Table$$Limit                     0x080046a0   Number         0  anon$$obj.o(Region$$Table)
    uwTickFreq                               0x20000070   Data           1  stm32f1xx_hal.o(.data)
    uwTickPrio                               0x20000074   Data           4  stm32f1xx_hal.o(.data)
    uwTick                                   0x20000078   Data           4  stm32f1xx_hal.o(.data)
    SystemCoreClock                          0x2000007c   Data           4  system_stm32f1xx.o(.data)
    htimBeep                                 0x2000008c   Data          72  beep.o(.bss)
    hadcPressure                             0x200000e0   Data          48  pressure_sensor.o(.bss)
    huart1                                   0x200004b4   Data          72  main.o(.bss)
    hdma_usart1_rx                           0x200004fc   Data          68  main.o(.bss)
    hdma_usart1_tx                           0x20000540   Data          68  main.o(.bss)
    huart2                                   0x20000584   Data          72  main.o(.bss)
    hdma_usart2_rx                           0x200005cc   Data          68  main.o(.bss)
    hdma_usart2_tx                           0x20000610   Data          68  main.o(.bss)
    modbusPortUart1                          0x20000654   Data          32  modbus_port_uart1.o(.bss)
    modbusPortUart2                          0x20000674   Data          32  modbus_port_uart2.o(.bss)
    modbusUart1                              0x20000694   Data         592  modbus_app.o(.bss)
    modbusUart2                              0x200008e4   Data         592  modbus_app.o(.bss)
    __libspace_start                         0x20000da0   Data          96  libspace.o(.bss)
    __temporary_stack_top$libspace           0x20000e00   Data           0  libspace.o(.bss)



==============================================================================

Memory Map of the image

  Image Entry point : 0x080000ed

  Load Region LR_IROM1 (Base: 0x08000000, Size: 0x0000472c, Max: 0x00010000, ABSOLUTE)

    Execution Region ER_IROM1 (Base: 0x08000000, Size: 0x000046a0, Max: 0x00010000, ABSOLUTE)

    Base Addr    Size         Type   Attr      Idx    E Section Name        Object

    0x08000000   0x000000ec   Data   RO            3    RESET               startup_stm32f10x_md.o
    0x080000ec   0x00000008   Code   RO         4347  * !!!main             c_w.l(__main.o)
    0x080000f4   0x00000034   Code   RO         4546    !!!scatter          c_w.l(__scatter.o)
    0x08000128   0x0000001a   Code   RO         4548    !!handler_copy      c_w.l(__scatter_copy.o)
    0x08000142   0x00000002   PAD
    0x08000144   0x0000001c   Code   RO         4550    !!handler_zi        c_w.l(__scatter_zi.o)
    0x08000160   0x00000002   Code   RO         4415    .ARM.Collect$$libinit$$00000000  c_w.l(libinit.o)
    0x08000162   0x00000000   Code   RO         4424    .ARM.Collect$$libinit$$00000002  c_w.l(libinit2.o)
    0x08000162   0x00000000   Code   RO         4426    .ARM.Collect$$libinit$$00000004  c_w.l(libinit2.o)
    0x08000162   0x00000000   Code   RO         4429    .ARM.Collect$$libinit$$0000000A  c_w.l(libinit2.o)
    0x08000162   0x00000000   Code   RO         4431    .ARM.Collect$$libinit$$0000000C  c_w.l(libinit2.o)
    0x08000162   0x00000000   Code   RO         4433    .ARM.Collect$$libinit$$0000000E  c_w.l(libinit2.o)
    0x08000162   0x00000000   Code   RO         4436    .ARM.Collect$$libinit$$00000011  c_w.l(libinit2.o)
    0x08000162   0x00000000   Code   RO         4438    .ARM.Collect$$libinit$$00000013  c_w.l(libinit2.o)
    0x08000162   0x00000000   Code   RO         4440    .ARM.Collect$$libinit$$00000015  c_w.l(libinit2.o)
    0x08000162   0x00000000   Code   RO         4442    .ARM.Collect$$libinit$$00000017  c_w.l(libinit2.o)
    0x08000162   0x00000000   Code   RO         4444    .ARM.Collect$$libinit$$00000019  c_w.l(libinit2.o)
    0x08000162   0x00000000   Code   RO         4446    .ARM.Collect$$libinit$$0000001B  c_w.l(libinit2.o)
    0x08000162   0x00000000   Code   RO         4448    .ARM.Collect$$libinit$$0000001D  c_w.l(libinit2.o)
    0x08000162   0x00000000   Code   RO         4450    .ARM.Collect$$libinit$$0000001F  c_w.l(libinit2.o)
    0x08000162   0x00000000   Code   RO         4452    .ARM.Collect$$libinit$$00000021  c_w.l(libinit2.o)
    0x08000162   0x00000000   Code   RO         4454    .ARM.Collect$$libinit$$00000023  c_w.l(libinit2.o)
    0x08000162   0x00000000   Code   RO         4456    .ARM.Collect$$libinit$$00000025  c_w.l(libinit2.o)
    0x08000162   0x00000000   Code   RO         4460    .ARM.Collect$$libinit$$0000002C  c_w.l(libinit2.o)
    0x08000162   0x00000000   Code   RO         4462    .ARM.Collect$$libinit$$0000002E  c_w.l(libinit2.o)
    0x08000162   0x00000000   Code   RO         4464    .ARM.Collect$$libinit$$00000030  c_w.l(libinit2.o)
    0x08000162   0x00000000   Code   RO         4466    .ARM.Collect$$libinit$$00000032  c_w.l(libinit2.o)
    0x08000162   0x00000002   Code   RO         4467    .ARM.Collect$$libinit$$00000033  c_w.l(libinit2.o)
    0x08000164   0x00000002   Code   RO         4487    .ARM.Collect$$libshutdown$$00000000  c_w.l(libshutdown.o)
    0x08000166   0x00000000   Code   RO         4501    .ARM.Collect$$libshutdown$$00000003  c_w.l(libshutdown2.o)
    0x08000166   0x00000000   Code   RO         4504    .ARM.Collect$$libshutdown$$00000006  c_w.l(libshutdown2.o)
    0x08000166   0x00000000   Code   RO         4507    .ARM.Collect$$libshutdown$$00000009  c_w.l(libshutdown2.o)
    0x08000166   0x00000000   Code   RO         4509    .ARM.Collect$$libshutdown$$0000000B  c_w.l(libshutdown2.o)
    0x08000166   0x00000000   Code   RO         4512    .ARM.Collect$$libshutdown$$0000000E  c_w.l(libshutdown2.o)
    0x08000166   0x00000002   Code   RO         4513    .ARM.Collect$$libshutdown$$0000000F  c_w.l(libshutdown2.o)
    0x08000168   0x00000000   Code   RO         4375    .ARM.Collect$$rtentry$$00000000  c_w.l(__rtentry.o)
    0x08000168   0x00000000   Code   RO         4388    .ARM.Collect$$rtentry$$00000002  c_w.l(__rtentry2.o)
    0x08000168   0x00000006   Code   RO         4400    .ARM.Collect$$rtentry$$00000004  c_w.l(__rtentry4.o)
    0x0800016e   0x00000000   Code   RO         4390    .ARM.Collect$$rtentry$$00000009  c_w.l(__rtentry2.o)
    0x0800016e   0x00000004   Code   RO         4391    .ARM.Collect$$rtentry$$0000000A  c_w.l(__rtentry2.o)
    0x08000172   0x00000000   Code   RO         4393    .ARM.Collect$$rtentry$$0000000C  c_w.l(__rtentry2.o)
    0x08000172   0x00000008   Code   RO         4394    .ARM.Collect$$rtentry$$0000000D  c_w.l(__rtentry2.o)
    0x0800017a   0x00000002   Code   RO         4421    .ARM.Collect$$rtexit$$00000000  c_w.l(rtexit.o)
    0x0800017c   0x00000000   Code   RO         4469    .ARM.Collect$$rtexit$$00000002  c_w.l(rtexit2.o)
    0x0800017c   0x00000004   Code   RO         4470    .ARM.Collect$$rtexit$$00000003  c_w.l(rtexit2.o)
    0x08000180   0x00000006   Code   RO         4471    .ARM.Collect$$rtexit$$00000004  c_w.l(rtexit2.o)
    0x08000186   0x00000002   PAD
    0x08000188   0x00000040   Code   RO            4    .text               startup_stm32f10x_md.o
    0x080001c8   0x00000064   Code   RO         4339    .text               c_w.l(rt_memcpy_w.o)
    0x0800022c   0x0000004e   Code   RO         4341    .text               c_w.l(rt_memclr_w.o)
    0x0800027a   0x00000006   Code   RO         4345    .text               c_w.l(heapauxi.o)
    0x08000280   0x0000004a   Code   RO         4406    .text               c_w.l(sys_stackheap_outer.o)
    0x080002ca   0x0000000c   Code   RO         4408    .text               c_w.l(exit.o)
    0x080002d6   0x00000002   PAD
    0x080002d8   0x00000008   Code   RO         4418    .text               c_w.l(libspace.o)
    0x080002e0   0x0000000c   Code   RO         4479    .text               c_w.l(sys_exit.o)
    0x080002ec   0x00000002   Code   RO         4490    .text               c_w.l(use_no_semi.o)
    0x080002ee   0x00000000   Code   RO         4492    .text               c_w.l(indicate_semi.o)
    0x080002ee   0x00000002   PAD
    0x080002f0   0x00000056   Code   RO         1698    i.ADC_ConversionStop_Disable  stm32f1xx_hal_adc.o
    0x08000346   0x00000002   PAD
    0x08000348   0x0000007c   Code   RO         1702    i.ADC_Enable        stm32f1xx_hal_adc.o
    0x080003c4   0x00000002   Code   RO           13    i.BusFault_Handler  stm32f1xx_it.o
    0x080003c6   0x00000002   PAD
    0x080003c8   0x0000000c   Code   RO           14    i.DMA1_Channel4_IRQHandler  stm32f1xx_it.o
    0x080003d4   0x0000000c   Code   RO           15    i.DMA1_Channel5_IRQHandler  stm32f1xx_it.o
    0x080003e0   0x0000000c   Code   RO           16    i.DMA1_Channel6_IRQHandler  stm32f1xx_it.o
    0x080003ec   0x0000000c   Code   RO           17    i.DMA1_Channel7_IRQHandler  stm32f1xx_it.o
    0x080003f8   0x0000002a   Code   RO         2947    i.DMA_SetConfig     stm32f1xx_hal_dma.o
    0x08000422   0x00000002   Code   RO           18    i.DebugMon_Handler  stm32f1xx_it.o
    0x08000424   0x00000004   Code   RO         1011    i.Error_Handler     main.o
    0x08000428   0x000000d8   Code   RO         1878    i.HAL_ADCEx_Calibration_Start  stm32f1xx_hal_adc_ex.o
    0x08000500   0x000000fc   Code   RO         1704    i.HAL_ADC_ConfigChannel  stm32f1xx_hal_adc.o
    0x080005fc   0x00000006   Code   RO         1711    i.HAL_ADC_GetValue  stm32f1xx_hal_adc.o
    0x08000602   0x00000002   PAD
    0x08000604   0x0000011c   Code   RO         1713    i.HAL_ADC_Init      stm32f1xx_hal_adc.o
    0x08000720   0x00000002   Code   RO         1716    i.HAL_ADC_MspInit   stm32f1xx_hal_adc.o
    0x08000722   0x00000002   PAD
    0x08000724   0x0000013c   Code   RO         1717    i.HAL_ADC_PollForConversion  stm32f1xx_hal_adc.o
    0x08000860   0x000000c0   Code   RO         1719    i.HAL_ADC_Start     stm32f1xx_hal_adc.o
    0x08000920   0x00000034   Code   RO         1722    i.HAL_ADC_Stop      stm32f1xx_hal_adc.o
    0x08000954   0x00000046   Code   RO         2948    i.HAL_DMA_Abort     stm32f1xx_hal_dma.o
    0x0800099a   0x00000002   PAD
    0x0800099c   0x00000098   Code   RO         2949    i.HAL_DMA_Abort_IT  stm32f1xx_hal_dma.o
    0x08000a34   0x00000154   Code   RO         2953    i.HAL_DMA_IRQHandler  stm32f1xx_hal_dma.o
    0x08000b88   0x0000005c   Code   RO         2954    i.HAL_DMA_Init      stm32f1xx_hal_dma.o
    0x08000be4   0x00000070   Code   RO         2958    i.HAL_DMA_Start_IT  stm32f1xx_hal_dma.o
    0x08000c54   0x00000024   Code   RO         1325    i.HAL_Delay         stm32f1xx_hal.o
    0x08000c78   0x000001e0   Code   RO         1635    i.HAL_GPIO_Init     stm32f1xx_hal_gpio.o
    0x08000e58   0x0000000a   Code   RO         1637    i.HAL_GPIO_ReadPin  stm32f1xx_hal_gpio.o
    0x08000e62   0x00000010   Code   RO         1638    i.HAL_GPIO_TogglePin  stm32f1xx_hal_gpio.o
    0x08000e72   0x0000000a   Code   RO         1639    i.HAL_GPIO_WritePin  stm32f1xx_hal_gpio.o
    0x08000e7c   0x0000000c   Code   RO         1329    i.HAL_GetTick       stm32f1xx_hal.o
    0x08000e88   0x00000010   Code   RO         1335    i.HAL_IncTick       stm32f1xx_hal.o
    0x08000e98   0x00000024   Code   RO         1336    i.HAL_Init          stm32f1xx_hal.o
    0x08000ebc   0x00000040   Code   RO         1337    i.HAL_InitTick      stm32f1xx_hal.o
    0x08000efc   0x0000003c   Code   RO          257    i.HAL_MspInit       stm32f1xx_hal_msp.o
    0x08000f38   0x0000001a   Code   RO         3044    i.HAL_NVIC_EnableIRQ  stm32f1xx_hal_cortex.o
    0x08000f52   0x00000002   PAD
    0x08000f54   0x00000040   Code   RO         3050    i.HAL_NVIC_SetPriority  stm32f1xx_hal_cortex.o
    0x08000f94   0x00000024   Code   RO         3051    i.HAL_NVIC_SetPriorityGrouping  stm32f1xx_hal_cortex.o
    0x08000fb8   0x000000a4   Code   RO         1596    i.HAL_RCCEx_GetPeriphCLKFreq  stm32f1xx_hal_rcc_ex.o
    0x0800105c   0x0000012c   Code   RO         1493    i.HAL_RCC_ClockConfig  stm32f1xx_hal_rcc.o
    0x08001188   0x00000020   Code   RO         1500    i.HAL_RCC_GetPCLK1Freq  stm32f1xx_hal_rcc.o
    0x080011a8   0x00000020   Code   RO         1501    i.HAL_RCC_GetPCLK2Freq  stm32f1xx_hal_rcc.o
    0x080011c8   0x0000004c   Code   RO         1502    i.HAL_RCC_GetSysClockFreq  stm32f1xx_hal_rcc.o
    0x08001214   0x00000320   Code   RO         1505    i.HAL_RCC_OscConfig  stm32f1xx_hal_rcc.o
    0x08001534   0x00000028   Code   RO         3055    i.HAL_SYSTICK_Config  stm32f1xx_hal_cortex.o
    0x0800155c   0x00000054   Code   RO         2683    i.HAL_TIMEx_ConfigBreakDeadTime  stm32f1xx_hal_tim_ex.o
    0x080015b0   0x00000098   Code   RO         2710    i.HAL_TIMEx_PWMN_Start  stm32f1xx_hal_tim_ex.o
    0x08001648   0x00000068   Code   RO         2713    i.HAL_TIMEx_PWMN_Stop  stm32f1xx_hal_tim_ex.o
    0x080016b0   0x000000cc   Code   RO         2048    i.HAL_TIM_PWM_ConfigChannel  stm32f1xx_hal_tim.o
    0x0800177c   0x0000005a   Code   RO         2051    i.HAL_TIM_PWM_Init  stm32f1xx_hal_tim.o
    0x080017d6   0x00000002   Code   RO         2053    i.HAL_TIM_PWM_MspInit  stm32f1xx_hal_tim.o
    0x080017d8   0x00000002   Code   RO         3556    i.HAL_UARTEx_RxEventCallback  stm32f1xx_hal_uart.o
    0x080017da   0x00000070   Code   RO         3568    i.HAL_UART_DMAStop  stm32f1xx_hal_uart.o
    0x0800184a   0x0000000e   Code   RO           19    i.HAL_UART_ErrorCallback  stm32f1xx_it.o
    0x08001858   0x0000026c   Code   RO         3573    i.HAL_UART_IRQHandler  stm32f1xx_hal_uart.o
    0x08001ac4   0x00000064   Code   RO         3574    i.HAL_UART_Init     stm32f1xx_hal_uart.o
    0x08001b28   0x000000dc   Code   RO          259    i.HAL_UART_MspInit  stm32f1xx_hal_msp.o
    0x08001c04   0x0000001c   Code   RO         3578    i.HAL_UART_Receive_DMA  stm32f1xx_hal_uart.o
    0x08001c20   0x00000002   Code   RO         3580    i.HAL_UART_RxCpltCallback  stm32f1xx_hal_uart.o
    0x08001c22   0x00000002   Code   RO         3581    i.HAL_UART_RxHalfCpltCallback  stm32f1xx_hal_uart.o
    0x08001c24   0x00000078   Code   RO         3583    i.HAL_UART_Transmit_DMA  stm32f1xx_hal_uart.o
    0x08001c9c   0x00000020   Code   RO           20    i.HAL_UART_TxCpltCallback  stm32f1xx_it.o
    0x08001cbc   0x00000002   Code   RO         3586    i.HAL_UART_TxHalfCpltCallback  stm32f1xx_hal_uart.o
    0x08001cbe   0x00000002   Code   RO           21    i.HardFault_Handler  stm32f1xx_it.o
    0x08001cc0   0x00000090   Code   RO         1012    i.MX_GPIO_Init      main.o
    0x08001d50   0x000000ec   Code   RO         1013    i.MX_USART1_UART_Init  main.o
    0x08001e3c   0x000000ec   Code   RO         1014    i.MX_USART2_UART_Init  main.o
    0x08001f28   0x00000002   Code   RO           22    i.MemManage_Handler  stm32f1xx_it.o
    0x08001f2a   0x00000002   PAD
    0x08001f2c   0x0000014c   Code   RO         4260    i.ModbusApp_Init    modbus_app.o
    0x08002078   0x0000001c   Code   RO         4261    i.ModbusApp_Process  modbus_app.o
    0x08002094   0x00000134   Code   RO         4262    i.ModbusApp_UpdateSensorData  modbus_app.o
    0x080021c8   0x00000004   Code   RO         4104    i.ModbusPort_GetSysTick  modbus_port_uart1.o
    0x080021cc   0x00000054   Code   RO         4106    i.ModbusPort_UART1_IdleCallback  modbus_port_uart1.o
    0x08002220   0x00000078   Code   RO         4107    i.ModbusPort_UART1_Init  modbus_port_uart1.o
    0x08002298   0x0000001a   Code   RO         4108    i.ModbusPort_UART1_LedIndicate  modbus_port_uart1.o
    0x080022b2   0x00000010   Code   RO         4109    i.ModbusPort_UART1_SendData  modbus_port_uart1.o
    0x080022c2   0x0000002a   Code   RO         4110    i.ModbusPort_UART1_SetRS485Dir  modbus_port_uart1.o
    0x080022ec   0x00000020   Code   RO         4111    i.ModbusPort_UART1_StartReceive  modbus_port_uart1.o
    0x0800230c   0x00000040   Code   RO         4112    i.ModbusPort_UART1_TxCpltCallback  modbus_port_uart1.o
    0x0800234c   0x00000054   Code   RO         4185    i.ModbusPort_UART2_IdleCallback  modbus_port_uart2.o
    0x080023a0   0x00000074   Code   RO         4186    i.ModbusPort_UART2_Init  modbus_port_uart2.o
    0x08002414   0x0000001a   Code   RO         4187    i.ModbusPort_UART2_LedIndicate  modbus_port_uart2.o
    0x0800242e   0x00000010   Code   RO         4188    i.ModbusPort_UART2_SendData  modbus_port_uart2.o
    0x0800243e   0x0000002a   Code   RO         4189    i.ModbusPort_UART2_SetRS485Dir  modbus_port_uart2.o
    0x08002468   0x00000020   Code   RO         4190    i.ModbusPort_UART2_StartReceive  modbus_port_uart2.o
    0x08002488   0x00000040   Code   RO         4191    i.ModbusPort_UART2_TxCpltCallback  modbus_port_uart2.o
    0x080024c8   0x00000042   Code   RO         3943    i.ModbusRTU_Init    modbus_rtu_core.o
    0x0800250a   0x0000006c   Code   RO         3944    i.ModbusRTU_Process  modbus_rtu_core.o
    0x08002576   0x00000028   Code   RO         3948    i.ModbusRTU_RxCallback  modbus_rtu_core.o
    0x0800259e   0x0000000a   Code   RO         3949    i.ModbusRTU_SetCoils  modbus_rtu_core.o
    0x080025a8   0x0000000a   Code   RO         3950    i.ModbusRTU_SetDiscreteInputs  modbus_rtu_core.o
    0x080025b2   0x00000014   Code   RO         3951    i.ModbusRTU_SetHardware  modbus_rtu_core.o
    0x080025c6   0x0000000a   Code   RO         3952    i.ModbusRTU_SetHoldingRegs  modbus_rtu_core.o
    0x080025d0   0x0000000a   Code   RO         3953    i.ModbusRTU_SetInputRegs  modbus_rtu_core.o
    0x080025da   0x00000008   Code   RO         3954    i.ModbusRTU_SetSlaveAddr  modbus_rtu_core.o
    0x080025e2   0x00000044   Code   RO         3955    i.ModbusRTU_TxCallback  modbus_rtu_core.o
    0x08002626   0x00000002   Code   RO           23    i.NMI_Handler       stm32f1xx_it.o
    0x08002628   0x00000002   Code   RO           24    i.PendSV_Handler    stm32f1xx_it.o
    0x0800262a   0x00000002   Code   RO           25    i.SVC_Handler       stm32f1xx_it.o
    0x0800262c   0x00000004   Code   RO           26    i.SysTick_Handler   stm32f1xx_it.o
    0x08002630   0x00000098   Code   RO         1016    i.SystemClock_Config  main.o
    0x080026c8   0x00000002   Code   RO         3908    i.SystemInit        system_stm32f1xx.o
    0x080026ca   0x00000002   PAD
    0x080026cc   0x00000078   Code   RO         2069    i.TIM_Base_SetConfig  stm32f1xx_hal_tim.o
    0x08002744   0x0000001a   Code   RO         2719    i.TIM_CCxNChannelCmd  stm32f1xx_hal_tim_ex.o
    0x0800275e   0x00000002   PAD
    0x08002760   0x00000050   Code   RO         2082    i.TIM_OC1_SetConfig  stm32f1xx_hal_tim.o
    0x080027b0   0x00000058   Code   RO         2083    i.TIM_OC2_SetConfig  stm32f1xx_hal_tim.o
    0x08002808   0x00000058   Code   RO         2084    i.TIM_OC3_SetConfig  stm32f1xx_hal_tim.o
    0x08002860   0x00000044   Code   RO         2085    i.TIM_OC4_SetConfig  stm32f1xx_hal_tim.o
    0x080028a4   0x00000010   Code   RO         3587    i.UART_DMAAbortOnError  stm32f1xx_hal_uart.o
    0x080028b4   0x0000004a   Code   RO         3588    i.UART_DMAError     stm32f1xx_hal_uart.o
    0x080028fe   0x00000086   Code   RO         3589    i.UART_DMAReceiveCplt  stm32f1xx_hal_uart.o
    0x08002984   0x0000001e   Code   RO         3591    i.UART_DMARxHalfCplt  stm32f1xx_hal_uart.o
    0x080029a2   0x00000042   Code   RO         3593    i.UART_DMATransmitCplt  stm32f1xx_hal_uart.o
    0x080029e4   0x0000000a   Code   RO         3595    i.UART_DMATxHalfCplt  stm32f1xx_hal_uart.o
    0x080029ee   0x0000004e   Code   RO         3597    i.UART_EndRxTransfer  stm32f1xx_hal_uart.o
    0x08002a3c   0x0000001c   Code   RO         3598    i.UART_EndTxTransfer  stm32f1xx_hal_uart.o
    0x08002a58   0x000000c2   Code   RO         3599    i.UART_Receive_IT   stm32f1xx_hal_uart.o
    0x08002b1a   0x00000002   PAD
    0x08002b1c   0x000000b8   Code   RO         3600    i.UART_SetConfig    stm32f1xx_hal_uart.o
    0x08002bd4   0x00000090   Code   RO         3601    i.UART_Start_Receive_DMA  stm32f1xx_hal_uart.o
    0x08002c64   0x00000028   Code   RO           27    i.USART1_IRQHandler  stm32f1xx_it.o
    0x08002c8c   0x00000028   Code   RO           28    i.USART2_IRQHandler  stm32f1xx_it.o
    0x08002cb4   0x00000002   Code   RO           29    i.UsageFault_Handler  stm32f1xx_it.o
    0x08002cb6   0x00000020   Code   RO         3057    i.__NVIC_SetPriority  stm32f1xx_hal_cortex.o
    0x08002cd6   0x00000002   PAD
    0x08002cd8   0x00000030   Code   RO          373    i.beepInit          beep.o
    0x08002d08   0x000000d8   Code   RO          374    i.beepInitTimer     beep.o
    0x08002de0   0x00000018   Code   RO          375    i.beepOff           beep.o
    0x08002df8   0x00000034   Code   RO          376    i.beepProcess       beep.o
    0x08002e2c   0x00000038   Code   RO          377    i.beepSetTime       beep.o
    0x08002e64   0x00000034   Code   RO          776    i.configCalculateChecksum  config_manager.o
    0x08002e98   0x00000008   Code   RO          777    i.configGet         config_manager.o
    0x08002ea0   0x00000018   Code   RO          779    i.configManagerInit  config_manager.o
    0x08002eb8   0x0000005c   Code   RO          593    i.currentToPressure  pressure_sensor.o
    0x08002f14   0x0000009c   Code   RO          689    i.determineWaterLevel  water_level.o
    0x08002fb0   0x00000018   Code   RO          857    i.errorClear        error_handler.o
    0x08002fc8   0x0000002c   Code   RO          859    i.errorGetActiveMask  error_handler.o
    0x08002ff4   0x00000020   Code   RO          862    i.errorHandlerInit  error_handler.o
    0x08003014   0x0000000c   Code   RO          865    i.errorLogGetCount  error_handler.o
    0x08003020   0x00000030   Code   RO          868    i.errorReport       error_handler.o
    0x08003050   0x000000c8   Code   RO          594    i.initAdc           pressure_sensor.o
    0x08003118   0x0000000c   Code   RO          294    i.isValidChannel    relay.o
    0x08003124   0x0000000c   Code   RO          432    i.isValidChannel    led.o
    0x08003130   0x00000016   Code   RO          558    i.kalmanInit        kalman.o
    0x08003146   0x0000005e   Code   RO          560    i.kalmanUpdate      kalman.o
    0x080031a4   0x00000058   Code   RO          434    i.ledInit           led.o
    0x080031fc   0x00000030   Code   RO          436    i.ledSetState       led.o
    0x0800322c   0x00000184   Code   RO         1017    i.main              main.o
    0x080033b0   0x00000014   Code   RO         3958    i.modbusAddCrc      modbus_rtu_core.o
    0x080033c4   0x0000002c   Code   RO         3959    i.modbusCrc16       modbus_rtu_core.o
    0x080033f0   0x00000010   Code   RO         3960    i.modbusGetBit      modbus_rtu_core.o
    0x08003400   0x000000a8   Code   RO         3961    i.modbusHandleReadCoils  modbus_rtu_core.o
    0x080034a8   0x00000074   Code   RO         3962    i.modbusHandleReadHoldingRegs  modbus_rtu_core.o
    0x0800351c   0x00000074   Code   RO         3963    i.modbusHandleReadInputRegs  modbus_rtu_core.o
    0x08003590   0x000000a0   Code   RO         3964    i.modbusHandleWriteMultipleRegs  modbus_rtu_core.o
    0x08003630   0x00000072   Code   RO         3965    i.modbusHandleWriteSingleCoil  modbus_rtu_core.o
    0x080036a2   0x00000134   Code   RO         3966    i.modbusProcessFrame  modbus_rtu_core.o
    0x080037d6   0x00000052   Code   RO         3967    i.modbusSendException  modbus_rtu_core.o
    0x08003828   0x0000001c   Code   RO         3968    i.modbusSetBit      modbus_rtu_core.o
    0x08003844   0x0000000c   Code   RO          596    i.pressureSensorGetData  pressure_sensor.o
    0x08003850   0x00000080   Code   RO          599    i.pressureSensorInit  pressure_sensor.o
    0x080038d0   0x00000020   Code   RO          601    i.pressureSensorProcess  pressure_sensor.o
    0x080038f0   0x00000104   Code   RO          603    i.pressureSensorSample  pressure_sensor.o
    0x080039f4   0x00000018   Code   RO          690    i.readProbeState    water_level.o
    0x08003a0c   0x0000008c   Code   RO          297    i.relayInit         relay.o
    0x08003a98   0x00000028   Code   RO          299    i.relaySetState     relay.o
    0x08003ac0   0x00000064   Code   RO          784    i.setDefaultConfig  config_manager.o
    0x08003b24   0x00000030   Code   RO         4263    i.setDoByIndex      modbus_app.o
    0x08003b54   0x00000012   Code   RO          302    i.setGpioState      relay.o
    0x08003b66   0x00000012   Code   RO          439    i.setGpioState      led.o
    0x08003b78   0x0000000e   Code   RO         4264    i.uart1_onCoilChanged  modbus_app.o
    0x08003b86   0x0000002a   Code   RO         4265    i.uart1_onRegChanged  modbus_app.o
    0x08003bb0   0x0000000e   Code   RO         4266    i.uart2_onCoilChanged  modbus_app.o
    0x08003bbe   0x0000002a   Code   RO         4267    i.uart2_onRegChanged  modbus_app.o
    0x08003be8   0x0000003a   Code   RO          691    i.updateProbeDebounce  water_level.o
    0x08003c22   0x00000002   PAD
    0x08003c24   0x00000030   Code   RO          501    i.watchdogFeed      watchdog.o
    0x08003c54   0x0000005c   Code   RO          505    i.watchdogInit      watchdog.o
    0x08003cb0   0x0000000c   Code   RO          693    i.waterLevelGetLevel  water_level.o
    0x08003cbc   0x00000020   Code   RO          695    i.waterLevelGetProbeStates  water_level.o
    0x08003cdc   0x00000080   Code   RO          696    i.waterLevelInit    water_level.o
    0x08003d5c   0x0000001c   Code   RO          697    i.waterLevelIsStable  water_level.o
    0x08003d78   0x00000084   Code   RO          698    i.waterLevelProcess  water_level.o
    0x08003dfc   0x000000c4   Code   RO         4349    x$fpl$fadd          fz_ws.l(faddsub_clz.o)
    0x08003ec0   0x0000000c   Code   RO         4378    x$fpl$fcheck1       fz_ws.l(fcheck1.o)
    0x08003ecc   0x00000184   Code   RO         4356    x$fpl$fdiv          fz_ws.l(fdiv.o)
    0x08004050   0x0000003e   Code   RO         4359    x$fpl$ffixu         fz_ws.l(ffixu.o)
    0x0800408e   0x00000002   PAD
    0x08004090   0x00000026   Code   RO         4363    x$fpl$ffltu         fz_ws.l(fflt_clz.o)
    0x080040b6   0x00000002   PAD
    0x080040b8   0x00000102   Code   RO         4369    x$fpl$fmul          fz_ws.l(fmul.o)
    0x080041ba   0x0000008c   Code   RO         4382    x$fpl$fnaninf       fz_ws.l(fnaninf.o)
    0x08004246   0x0000000a   Code   RO         4384    x$fpl$fretinf       fz_ws.l(fretinf.o)
    0x08004250   0x000000ea   Code   RO         4351    x$fpl$fsub          fz_ws.l(faddsub_clz.o)
    0x0800433a   0x00000064   Code   RO         4404    x$fpl$retnan        fz_ws.l(retnan.o)
    0x0800439e   0x0000004c   Code   RO         4373    x$fpl$scalbnf       fz_ws.l(scalbnf.o)
    0x080043ea   0x00000030   Code   RO         4416    x$fpl$trapveneer    fz_ws.l(trapv.o)
    0x0800441a   0x00000000   Code   RO         4386    x$fpl$usenofp       fz_ws.l(usenofp.o)
    0x0800441a   0x00000012   Data   RO         1506    .constdata          stm32f1xx_hal_rcc.o
    0x0800442c   0x00000012   Data   RO         1598    .constdata          stm32f1xx_hal_rcc_ex.o
    0x0800443e   0x00000010   Data   RO         3909    .constdata          system_stm32f1xx.o
    0x0800444e   0x00000008   Data   RO         3910    .constdata          system_stm32f1xx.o
    0x08004456   0x00000200   Data   RO         3969    .constdata          modbus_rtu_core.o
    0x08004656   0x00000002   PAD
    0x08004658   0x00000014   Data   RO         4114    .constdata          modbus_port_uart1.o
    0x0800466c   0x00000014   Data   RO         4193    .constdata          modbus_port_uart2.o
    0x08004680   0x00000020   Data   RO         4544    Region$$Table       anon$$obj.o


    Execution Region RW_IRAM1 (Base: 0x20000000, Size: 0x00001400, Max: 0x00005000, ABSOLUTE)

    Base Addr    Size         Type   Attr      Idx    E Section Name        Object

    0x20000000   0x00000028   Data   RW          303    .data               relay.o
    0x20000028   0x0000000a   Data   RW          379    .data               beep.o
    0x20000032   0x00000002   PAD
    0x20000034   0x00000020   Data   RW          440    .data               led.o
    0x20000054   0x00000008   Data   RW          605    .data               pressure_sensor.o
    0x2000005c   0x00000008   Data   RW          701    .data               water_level.o
    0x20000064   0x00000001   Data   RW          786    .data               config_manager.o
    0x20000065   0x00000001   PAD
    0x20000066   0x00000004   Data   RW          870    .data               error_handler.o
    0x2000006a   0x00000002   PAD
    0x2000006c   0x00000004   Data   RW         1019    .data               main.o
    0x20000070   0x0000000c   Data   RW         1343    .data               stm32f1xx_hal.o
    0x2000007c   0x00000004   Data   RW         3911    .data               system_stm32f1xx.o
    0x20000080   0x0000000c   Data   RW         4269    .data               modbus_app.o
    0x2000008c   0x00000048   Zero   RW          378    .bss                beep.o
    0x200000d4   0x0000000c   Zero   RW          507    .bss                watchdog.o
    0x200000e0   0x00000074   Zero   RW          604    .bss                pressure_sensor.o
    0x20000154   0x00000030   Zero   RW          700    .bss                water_level.o
    0x20000184   0x00000030   Zero   RW          785    .bss                config_manager.o
    0x200001b4   0x00000300   Zero   RW          869    .bss                error_handler.o
    0x200004b4   0x000001a0   Zero   RW         1018    .bss                main.o
    0x20000654   0x00000020   Zero   RW         4113    .bss                modbus_port_uart1.o
    0x20000674   0x00000020   Zero   RW         4192    .bss                modbus_port_uart2.o
    0x20000694   0x0000070c   Zero   RW         4268    .bss                modbus_app.o
    0x20000da0   0x00000060   Zero   RW         4419    .bss                c_w.l(libspace.o)
    0x20000e00   0x00000200   Zero   RW            2    HEAP                startup_stm32f10x_md.o
    0x20001000   0x00000400   Zero   RW            1    STACK               startup_stm32f10x_md.o


==============================================================================

Image component sizes


      Code (inc. data)   RO Data    RW Data    ZI Data      Debug   Object Name

       396         54          0         10         72       3692   beep.o
       184         26          0          1         48       4326   config_manager.o
       160         26          0          4        768       3246   error_handler.o
       116          0          0          0          0       1804   kalman.o
       166         14          0         32          0       3184   led.o
      1160         78          0          4        416       6039   main.o
       828         84          0         12       1804       5440   modbus_app.o
       388         60         20          0         32       5621   modbus_port_uart1.o
       380         58         20          0         32       5157   modbus_port_uart2.o
      1522          6        512          0          0      13187   modbus_rtu_core.o
       724        170          0          8        116       7415   pressure_sensor.o
       210         16          0         40          0       3396   relay.o
        64         26        236          0       1536        844   startup_stm32f10x_md.o
       164         28          0         12          0       5721   stm32f1xx_hal.o
      1314         54          0          0          0       6873   stm32f1xx_hal_adc.o
       216          6          0          0          0       1350   stm32f1xx_hal_adc_ex.o
       198         14          0          0          0      28499   stm32f1xx_hal_cortex.o
       808         36          0          0          0       4422   stm32f1xx_hal_dma.o
       516         34          0          0          0       3608   stm32f1xx_hal_gpio.o
       280         34          0          0          0       1685   stm32f1xx_hal_msp.o
      1240         84         18          0          0       4772   stm32f1xx_hal_rcc.o
       164         16         18          0          0       1345   stm32f1xx_hal_rcc_ex.o
       740         32          0          0          0       6512   stm32f1xx_hal_tim.o
       366         12          0          0          0       3113   stm32f1xx_hal_tim_ex.o
      1946         38          0          0          0      13432   stm32f1xx_hal_uart.o
       194         46          0          0          0     461853   stm32f1xx_it.o
         2          0         24          4          0       1071   system_stm32f1xx.o
       140         22          0          0         12       2229   watchdog.o
       570        110          0          8         48       6162   water_level.o

    ----------------------------------------------------------------------
     15180       1184        882        140       4884     615998   Object Totals
         0          0         32          0          0          0   (incl. Generated)
        24          0          2          5          0          0   (incl. Padding)

    ----------------------------------------------------------------------

      Code (inc. data)   RO Data    RW Data    ZI Data      Debug   Library Member Name

         8          0          0          0          0         68   __main.o
         0          0          0          0          0          0   __rtentry.o
        12          0          0          0          0          0   __rtentry2.o
         6          0          0          0          0          0   __rtentry4.o
        52          8          0          0          0          0   __scatter.o
        26          0          0          0          0          0   __scatter_copy.o
        28          0          0          0          0          0   __scatter_zi.o
        12          0          0          0          0         72   exit.o
         6          0          0          0          0        152   heapauxi.o
         0          0          0          0          0          0   indicate_semi.o
         2          0          0          0          0          0   libinit.o
         2          0          0          0          0          0   libinit2.o
         2          0          0          0          0          0   libshutdown.o
         2          0          0          0          0          0   libshutdown2.o
         8          4          0          0         96         68   libspace.o
        78          0          0          0          0         80   rt_memclr_w.o
       100          0          0          0          0         80   rt_memcpy_w.o
         2          0          0          0          0          0   rtexit.o
        10          0          0          0          0          0   rtexit2.o
        12          4          0          0          0         68   sys_exit.o
        74          0          0          0          0         80   sys_stackheap_outer.o
         2          0          0          0          0         68   use_no_semi.o
       430          8          0          0          0        168   faddsub_clz.o
        12          4          0          0          0         68   fcheck1.o
       388         76          0          0          0         96   fdiv.o
        62          4          0          0          0         84   ffixu.o
        38          0          0          0          0         68   fflt_clz.o
       258          4          0          0          0         84   fmul.o
       140          4          0          0          0         84   fnaninf.o
        10          0          0          0          0         68   fretinf.o
       100          0          0          0          0         68   retnan.o
        76          0          0          0          0         68   scalbnf.o
        48          0          0          0          0         68   trapv.o
         0          0          0          0          0          0   usenofp.o

    ----------------------------------------------------------------------
      2018        116          0          0         96       1660   Library Totals
        12          0          0          0          0          0   (incl. Padding)

    ----------------------------------------------------------------------

      Code (inc. data)   RO Data    RW Data    ZI Data      Debug   Library Name

       444         16          0          0         96        736   c_w.l
      1562        100          0          0          0        924   fz_ws.l

    ----------------------------------------------------------------------
      2018        116          0          0         96       1660   Library Totals

    ----------------------------------------------------------------------

==============================================================================


      Code (inc. data)   RO Data    RW Data    ZI Data      Debug   

     17198       1300        882        140       4980     607826   Grand Totals
     17198       1300        882        140       4980     607826   ELF Image Totals
     17198       1300        882        140          0          0   ROM Totals

==============================================================================

    Total RO  Size (Code + RO Data)                18080 (  17.66kB)
    Total RW  Size (RW Data + ZI Data)              5120 (   5.00kB)
    Total ROM Size (Code + RO Data + RW Data)      18220 (  17.79kB)

==============================================================================

