<html>
<body>
<pre>
<h1>µVision Build Log</h1>
<h2>Tool Versions:</h2>
IDE-Version: ¦ÌVision V5.14.0.0
Copyright (C) 2015 ARM Ltd and ARM Germany GmbH. All rights reserved.
License Information: alex Administrator, diye, LIC=LSNXV-PMEC6-PCDJ8-3MF4D-3ATN6-IDDQR
 
Tool Versions:
Toolchain:       MDK-ARM Standard  Version: 5.14.0.0
Toolchain Path:  C:\Keil_v5\ARM\ARMCC\Bin
C Compiler:      Armcc.exe V5.05 update 1 (build 106)
Assembler:       Armasm.exe V5.05 update 1 (build 106)
Linker/Locator:  ArmLink.exe V5.05 update 1 (build 106)
Library Manager: ArmAr.exe V5.05 update 1 (build 106)
Hex Converter:   FromElf.exe V5.05 update 1 (build 106)
CPU DLL:         SARMCM3.DLL V5.14.0.0
Dialog DLL:      DCM.DLL V1.13.1.0
Target DLL:      STLink\ST-LINKIII-KEIL_SWO.dll V2.0.14.0_KEIL
Dialog DLL:      TCM.DLL V1.14.4.0
 
<h2>Project:</h2>
E:\data\lighting_ultra\lighting_ultra\MDK-ARM\lighting_ultra.uvprojx
Project File Date:  11/11/2025

<h2>Output:</h2>
Build target 'lighting_ultra'
compiling beep.c...
compiling config_manager.c...
../Core/Src/config_manager.c(14): warning:  #550-D: variable "configLoaded" was set but never used
  static bool configLoaded = false;
../Core/Src/config_manager.c(65): warning:  #177-D: function "readConfigFromFlash" was declared but never referenced
  static HAL_StatusTypeDef readConfigFromFlash(SystemConfig_t* config)
../Core/Src/config_manager.c: 2 warnings, 0 errors
compiling error_handler.c...
linking...
Program Size: Code=17198 RO-data=882 RW-data=140 ZI-data=4980  
FromELF: creating hex file...
"lighting_ultra\lighting_ultra.axf" - 0 Error(s), 2 Warning(s).

<h2>Software Packages used:</h2>

Package Vendor: ARM
                http://www.keil.com/pack/ARM.CMSIS.4.2.0.pack
                ARM::CMSIS:CORE:3.40.0
                CMSIS (Cortex Microcontroller Software Interface Standard)
   * Component: CORE Version: 3.40.0

<h2>Collection of Component include folders:</h2>
  E:\data\lighting_ultra\lighting_ultra\MDK-ARM\RTE
  C:\Keil_v5\ARM\PACK
  C:\Keil_v5\ARM\PACK\CMSIS\Include

<h2>Collection of Component Files used:</h2>

   * Component: ARM::CMSIS:CORE:3.40.0
      Source file:   CMSIS\UserCodeTemplates\ARM\ITM_Retarget.c
</pre>
</body>
</html>
